Component: ARM Compiler 5.06 update 7 (build 960) Tool: armlink [4d3601]

==============================================================================

Section Cross References

    adc.o(i.ADC_Converse) refers to aeabi_sdiv.o(.text) for __aeabi_uidivmod
    adc.o(i.ADC_Init) refers to adc.o(i.__NVIC_ClearPendingIRQ) for __NVIC_ClearPendingIRQ
    adc.o(i.ADC_MidAvg_Filter) refers to aeabi_sdiv.o(.text) for __aeabi_uidivmod
    adc.o(i.ADC_SelfTest) refers to aeabi_sdiv.o(.text) for __aeabi_uidivmod
    adc.o(i.ADC_Start) refers to adc.o(i.__NVIC_ClearPendingIRQ) for __NVIC_ClearPendingIRQ
    adc.o(i.ADC_Stop) refers to adc.o(i.__NVIC_ClearPendingIRQ) for __NVIC_ClearPendingIRQ
    adc_user.o(i.adc_get_temperature) refers to aeabi_sdiv.o(.text) for __aeabi_idivmod
    adc_user.o(i.adc_interrupt) refers to adc_user.o(i.adc_get_temperature) for adc_get_temperature
    adc_user.o(i.adc_interrupt) refers to adc_user.o(.data) for .data
    cmp.o(i.CMP_Init) refers to cmp.o(i.CMP_VREF_Set_Value) for CMP_VREF_Set_Value
    cmp.o(i.CMP_Init) refers to cmp.o(i.CMP_VREF_Init) for CMP_VREF_Init
    cmp.o(i.CMP_Init) refers to cmp.o(i.CMP_Input_Select) for CMP_Input_Select
    cmp.o(i.CMP_Init) refers to cmp.o(i.CMP_Filter_Setting) for CMP_Filter_Setting
    cmp_user.o(i.cmp0_interrupt) refers to cmp_user.o(.data) for .data
    cmp_user.o(i.cmp1_interrupt) refers to cmp_user.o(.data) for .data
    flash_user.o(ram_fetch_code) refers to flash.o(ram_fetch_code) for ProgramPage
    gpio.o(i.PORT_Init) refers to gpio.o(i.__ARM_common_switch8) for __ARM_common_switch8
    intp_user.o(i.intp0_callback) refers to intp_user.o(.data) for .data
    intp_user.o(i.intp0_interrupt) refers to intp_user.o(i.intp0_callback) for intp0_callback
    intp_user.o(i.intp10_callback) refers to intp_user.o(.data) for .data
    intp_user.o(i.intp10_interrupt) refers to intp_user.o(i.intp10_callback) for intp10_callback
    intp_user.o(i.intp11_callback) refers to intp_user.o(.data) for .data
    intp_user.o(i.intp11_interrupt) refers to intp_user.o(i.intp11_callback) for intp11_callback
    intp_user.o(i.intp1_callback) refers to intp_user.o(.data) for .data
    intp_user.o(i.intp1_interrupt) refers to intp_user.o(i.intp1_callback) for intp1_callback
    intp_user.o(i.intp2_callback) refers to intp_user.o(.data) for .data
    intp_user.o(i.intp2_interrupt) refers to intp_user.o(i.intp2_callback) for intp2_callback
    intp_user.o(i.intp3_callback) refers to intp_user.o(.data) for .data
    intp_user.o(i.intp3_interrupt) refers to intp_user.o(i.intp3_callback) for intp3_callback
    intp_user.o(i.intp4_callback) refers to intp_user.o(.data) for .data
    intp_user.o(i.intp4_interrupt) refers to intp_user.o(i.intp4_callback) for intp4_callback
    intp_user.o(i.intp5_callback) refers to intp_user.o(.data) for .data
    intp_user.o(i.intp5_interrupt) refers to intp_user.o(i.intp5_callback) for intp5_callback
    intp_user.o(i.intp6_callback) refers to intp_user.o(.data) for .data
    intp_user.o(i.intp6_interrupt) refers to intp_user.o(i.intp6_callback) for intp6_callback
    intp_user.o(i.intp7_callback) refers to intp_user.o(.data) for .data
    intp_user.o(i.intp7_interrupt) refers to intp_user.o(i.intp7_callback) for intp7_callback
    intp_user.o(i.intp8_callback) refers to intp_user.o(.data) for .data
    intp_user.o(i.intp8_interrupt) refers to intp_user.o(i.intp8_callback) for intp8_callback
    intp_user.o(i.intp9_callback) refers to intp_user.o(.data) for .data
    intp_user.o(i.intp9_interrupt) refers to intp_user.o(i.intp9_callback) for intp9_callback
    key_user.o(i.key_interrupt) refers to key_user.o(.data) for .data
    lin.o(i.LIN_GetBaudRate) refers to aeabi_sdiv.o(.text) for __aeabi_uidivmod
    lin.o(i.LIN_GetBaudRate) refers to tim4_user.o(.data) for g_inttm03Taken
    lin.o(i.LIN_GetBaudRate) refers to sci.o(.constdata) for sps_tbl
    lin.o(i.LIN_GetBreakWidth) refers to tim4_user.o(.data) for g_inttm03Taken
    lin.o(i.LIN_Receive) refers to sci.o(.data) for g_uart0_rx_count
    lin.o(i.LIN_ReceiveBreak) refers to tim4_user.o(.data) for g_inttm03Taken
    lin.o(i.LIN_ReceiveSync) refers to tim4_user.o(.data) for g_inttm03Taken
    lin.o(i.LIN_Send) refers to sci.o(.data) for gp_uart0_tx_address
    lin.o(i.LIN_Send) refers to sci.o(.data) for g_uart0_tx_count
    lin.o(i.LIN_SendBreak) refers to aeabi_sdiv.o(.text) for __aeabi_uidivmod
    lin.o(i.LIN_SendBreak) refers to lin.o(i.UART_CPU_WRITE) for UART_CPU_WRITE
    lin.o(i.LIN_SendSync) refers to lin.o(i.UART_CPU_WRITE) for UART_CPU_WRITE
    lin.o(i.LIN_SendWakeUp) refers to lin.o(i.UART_CPU_WRITE) for UART_CPU_WRITE
    lin.o(i.LIN_SetConfig) refers to system_bat32g139.o(i.SystemCoreClockUpdate) for SystemCoreClockUpdate
    lin.o(i.LIN_SetConfig) refers to sci.o(i.UART0_Init) for UART0_Init
    lin.o(i.LIN_SetConfig) refers to system_bat32g139.o(.data) for SystemCoreClock
    rst.o(i.RST_Get_Flag) refers to noretval__2printf.o(.text) for __2printf
[...]
    .text                                    0x0000066c   Section        0  sys_exit.o(.text)
    .text                                    0x00000678   Section        2  use_no_semi.o(.text)
    .text                                    0x0000067a   Section        0  __dczerorl2.o(.text)
    .text                                    0x0000067a   Section        0  indicate_semi.o(.text)
    i.ACMP0_ConfigInit                       0x000006d0   Section        0  sys_hardware_init.o(i.ACMP0_ConfigInit)
    i.ADC_ConfigInit                         0x00000734   Section        0  sys_hardware_init.o(i.ADC_ConfigInit)
    i.CLK_GetCoreFreq                        0x000007c8   Section        0  system_bat32g139.o(i.CLK_GetCoreFreq)
    i.CLK_MainOsc_Setting                    0x0000086c   Section        0  clk.o(i.CLK_MainOsc_Setting)
    i.CLK_Osc_Setting                        0x000008a0   Section        0  clk.o(i.CLK_Osc_Setting)
    i.CLK_PLL_Setting                        0x00000908   Section        0  clk.o(i.CLK_PLL_Setting)
    i.CLK_PLL_Start                          0x00000938   Section        0  clk.o(i.CLK_PLL_Start)
    i.CMP_Filter_Setting                     0x00000958   Section        0  cmp.o(i.CMP_Filter_Setting)
    i.CMP_Input_Select                       0x00000978   Section        0  cmp.o(i.CMP_Input_Select)
    i.CMP_VREF_Init                          0x00000998   Section        0  cmp.o(i.CMP_VREF_Init)
    i.CMP_VREF_Set_Value                     0x000009c0   Section        0  cmp.o(i.CMP_VREF_Set_Value)
    i.COM_Altern_Sample                      0x000009d4   Section        0  user_sample.o(i.COM_Altern_Sample)
    i.COM_AuxPowerSample                     0x00000a08   Section        0  user_sample.o(i.COM_AuxPowerSample)
    i.COM_CurSample                          0x00000a2c   Section        0  user_sample.o(i.COM_CurSample)
    i.COM_TempNTC_Sample                     0x00000aec   Section        0  user_sample.o(i.COM_TempNTC_Sample)
    i.COM_VolSample                          0x00000b10   Section        0  user_sample.o(i.COM_VolSample)
    i.COM_Vref_Sample                        0x00000bbc   Section        0  user_sample.o(i.COM_Vref_Sample)
    i.DMA_Start                              0x00000c48   Section        0  dma.o(i.DMA_Start)
    i.EPWM_ConfigInit                        0x00000cf8   Section        0  sys_hardware_init.o(i.EPWM_ConfigInit)
    i.Fault_Deal_Func                        0x00000e14   Section        0  sys_state_machine.o(i.Fault_Deal_Func)
    i.Fault_State_Check                      0x00000e28   Section        0  user_fault_check.o(i.Fault_State_Check)
    i.Function_TxSendDebug                   0x00000ff8   Section        0  user_function.o(i.Function_TxSendDebug)
    i.GPIO_Init                              0x00001070   Section        0  sys_hardware_init.o(i.GPIO_Init)
    i.Get_The_Protect_Flag                   0x00001120   Section        0  user_fault_check.o(i.Get_The_Protect_Flag)
    i.INV_ACOUT_FreCalc                      0x000011b0   Section        0  user_parallel.o(i.INV_ACOUT_FreCalc)
    i.INV_CloseDrive                         0x00001244   Section        0  user_function.o(i.INV_CloseDrive)
    i.INV_DCIM_Ctrl                          0x0000129c   Section        0  inv_power_ctrl.o(i.INV_DCIM_Ctrl)
    i.INV_Power_Ctrl                         0x000012f8   Section        0  inv_power_ctrl.o(i.INV_Power_Ctrl)
    i.IRQ29_Handler                          0x00001338   Section        0  interrupt.o(i.IRQ29_Handler)
    tmb0_interrupt                           0x00001339   Thumb Code     0  interrupt.o(i.IRQ29_Handler)
    i.Initial_Deal_Func                      0x0000145c   Section        0  sys_state_machine.o(i.Initial_Deal_Func)
    i.Inverter_AlgCtrl                       0x00001480   Section        0  inverter_ctrl.o(i.Inverter_AlgCtrl)
    i.Lookup_Table_Calc1                     0x00001660   Section        0  user_stepmotor.o(i.Lookup_Table_Calc1)
    i.Masterslavecheck                       0x000016b0   Section        0  user_parallel.o(i.Masterslavecheck)
    i.PID_Calc                               0x0000177c   Section        0  pid.o(i.PID_Calc)
    i.PID_Ctrl                               0x000017d8   Section        0  inv_power_ctrl.o(i.PID_Ctrl)
    i.PID_Para_Init                          0x00001838   Section        0  pid.o(i.PID_Para_Init)
    i.PORT_Init                              0x000019b8   Section        0  gpio.o(i.PORT_Init)
    i.PQ_Calc                                0x00001a88   Section        0  power_calc.o(i.PQ_Calc)
    i.PQ_Droop_Ctrl                          0x00001b3c   Section        0  pq_droop_ctrl.o(i.PQ_Droop_Ctrl)
    i.Parallel_Para_Init                     0x00001bd4   Section        0  pq_droop_ctrl.o(i.Parallel_Para_Init)
    i.PowerCalc_Para_Init                    0x00001d78   Section        0  power_calc.o(i.PowerCalc_Para_Init)
    i.Protect_Release                        0x00001dc8   Section        0  user_fault_check.o(i.Protect_Release)
    i.Ready_Deal_Func                        0x00001fa4   Section        0  sys_state_machine.o(i.Ready_Deal_Func)
    i.Ready_State_Check                      0x00001fb0   Section        0  sys_state_machine.o(i.Ready_State_Check)
    i.RepeatCtrl_Calc                        0x0000212c   Section        0  repeat_ctrl.o(i.RepeatCtrl_Calc)
    i.RepeatCtrl_Para_Init                   0x000021cc   Section        0  repeat_ctrl.o(i.RepeatCtrl_Para_Init)
    i.Run_Deal_Func                          0x00002298   Section        0  sys_state_machine.o(i.Run_Deal_Func)
    i.Run_State_OpenDriver                   0x000022c4   Section        0  sys_state_machine.o(i.Run_State_OpenDriver)
    i.State_Context_Func                     0x000022f0   Section        0  sys_state_machine.o(i.State_Context_Func)
    i.StepMotor_PI_Ctrl                      0x00002384   Section        0  stepmotor_ctrl.o(i.StepMotor_PI_Ctrl)
    i.Stepmotordrive                         0x000023e4   Section        0  user_stepmotor.o(i.Stepmotordrive)
    i.StepmotormoveCheck                     0x00002434   Section        0  user_stepmotor.o(i.StepmotormoveCheck)
    i.Stop_Deal_Func                         0x00002738   Section        0  sys_state_machine.o(i.Stop_Deal_Func)
    i.SysTick_ConfigInit                     0x0000273c   Section        0  sys_hardware_init.o(i.SysTick_ConfigInit)
    i.SysTick_Handler                        0x00002774   Section        0  interrupt.o(i.SysTick_Handler)
    i.Sys_HardConfigInit                     0x00002858   Section        0  sys_hardware_init.o(i.Sys_HardConfigInit)
    i.Sys_StateMachine_Task                  0x0000289c   Section        0  sys_state_machine.o(i.Sys_StateMachine_Task)
    i.Sys_Variableinit                       0x00002954   Section        0  sys_variable_init.o(i.Sys_Variableinit)
    i.SystemClock_Init                       0x00002a90   Section        0  sys_hardware_init.o(i.SystemClock_Init)
    i.SystemInit                             0x00002ad8   Section        0  system_bat32g139.o(i.SystemInit)
    i.TMB0_Start                             0x00002b4c   Section        0  timb.o(i.TMB0_Start)
    i.TMB_InputCapture_Init                  0x00002b78   Section        0  sys_hardware_init.o(i.TMB_InputCapture_Init)
    i.UART1_ConfigInit                       0x00002bd4   Section        0  sys_hardware_init.o(i.UART1_ConfigInit)
    i.Update_AC_Data                         0x00002cac   Section        0  user_sample.o(i.Update_AC_Data)
    i.User_CommonFunction                    0x00002dd0   Section        0  user_function.o(i.User_CommonFunction)
    i.User_EffectiveValue_Calc               0x00002de4   Section        0  user_sample.o(i.User_EffectiveValue_Calc)
    i.User_Key_Deal                          0x00002e20   Section        0  user_function.o(i.User_Key_Deal)
    i.User_LED_Deal                          0x00002e8c   Section        0  user_function.o(i.User_LED_Deal)
    i.User_PWM_Disable                       0x00003028   Section        0  sys_hardware_init.o(i.User_PWM_Disable)
    i.User_PWM_Enable                        0x00003044   Section        0  sys_hardware_init.o(i.User_PWM_Enable)
    i.User_UART_View                         0x00003050   Section        0  user_function.o(i.User_UART_View)
    i.WDT_Restart                            0x00003098   Section        0  wdt.o(i.WDT_Restart)
    i.Waiting_Deal_Func                      0x000030a4   Section        0  sys_state_machine.o(i.Waiting_Deal_Func)
    i.__ARM_common_switch8                   0x000030d8   Section        0  gpio.o(i.__ARM_common_switch8)
    i.__NVIC_ClearPendingIRQ                 0x000030f4   Section        0  sys_hardware_init.o(i.__NVIC_ClearPendingIRQ)
    __NVIC_ClearPendingIRQ                   0x000030f5   Thumb Code    18  sys_hardware_init.o(i.__NVIC_ClearPendingIRQ)
    i.__NVIC_SetPriority                     0x0000310c   Section        0  sys_hardware_init.o(i.__NVIC_SetPriority)
    __NVIC_SetPriority                       0x0000310d   Thumb Code    60  sys_hardware_init.o(i.__NVIC_SetPriority)
    i.key_Calc                               0x00003150   Section        0  user_function.o(i.key_Calc)
    i.main                                   0x000031c4   Section        0  main.o(i.main)
    i.sqrt                                   0x00003208   Section        0  sqrt.o(i.sqrt)
    i.tmm1_interrupt                         0x00003250   Section        0  interrupt.o(i.tmm1_interrupt)
    i.wdt_interrupt                          0x00003430   Section        0  wdt_user.o(i.wdt_interrupt)
    sram_code                                0x00003444   Section        0  clk.o(sram_code)
    .constdata                               0x00003488   Section      768  user_sine_table.o(.constdata)
    x$fpl$usenofp                            0x00003488   Section        0  usenofp.o(x$fpl$usenofp)
    .conststring                             0x00003788   Section      343  user_function.o(.conststring)
    .data                                    0x20000200   Section       16  timb_user.o(.data)
    .data                                    0x20000210   Section        4  wdt_user.o(.data)
    .data                                    0x20000214   Section        1  main.o(.data)
    .data                                    0x20000218   Section       36  interrupt.o(.data)
    .data                                    0x2000023c   Section       24  sys_define_struct.o(.data)
    .data                                    0x20000254   Section       24  sys_define_struct.o(.data)
    .data                                    0x2000026c   Section       24  sys_define_struct.o(.data)
    .data                                    0x20000284   Section       24  sys_define_struct.o(.data)
    .data                                    0x2000029c   Section       24  sys_define_struct.o(.data)
    .data                                    0x200002b4   Section       24  sys_define_struct.o(.data)
    .data                                    0x200002cc   Section       24  sys_define_struct.o(.data)
    .data                                    0x200002e4   Section       24  sys_define_struct.o(.data)
    .data                                    0x200002fc   Section       24  sys_define_struct.o(.data)
    .data                                    0x20000314   Section       24  sys_define_struct.o(.data)
    .data                                    0x2000032c   Section       24  sys_define_struct.o(.data)
    .data                                    0x20000344   Section       24  sys_define_struct.o(.data)
    .data                                    0x2000035c   Section       24  sys_define_struct.o(.data)
    .data                                    0x20000374   Section       24  sys_define_struct.o(.data)
    .data                                    0x2000038c   Section       24  sys_define_struct.o(.data)
    .data                                    0x200003a4   Section       24  sys_define_struct.o(.data)
    .data                                    0x200003bc   Section       24  sys_define_struct.o(.data)
    .data                                    0x200003d4   Section       24  sys_define_struct.o(.data)
    .data                                    0x200003ec   Section       24  sys_define_struct.o(.data)
    .data                                    0x20000404   Section       24  sys_define_struct.o(.data)
    .data                                    0x2000041c   Section       24  sys_define_struct.o(.data)
    .data                                    0x20000434   Section       24  sys_define_struct.o(.data)
    .data                                    0x2000044c   Section       24  sys_define_struct.o(.data)
    .data                                    0x20000464   Section       24  sys_define_struct.o(.data)
    .data                                    0x2000047c   Section       24  sys_define_struct.o(.data)
    .data                                    0x20000494   Section       24  sys_define_struct.o(.data)
    .data                                    0x200004ac   Section       24  sys_define_struct.o(.data)
    .data                                    0x200004c4   Section       24  sys_define_struct.o(.data)
    .data                                    0x200004dc   Section       24  sys_define_struct.o(.data)
    .data                                    0x200004f4   Section       20  sys_define_struct.o(.data)
    .data                                    0x20000508   Section       20  sys_define_struct.o(.data)
    .data                                    0x2000051c   Section       20  sys_define_struct.o(.data)
    .data                                    0x20000530   Section       28  sys_define_struct.o(.data)
    .data                                    0x2000054c   Section       28  sys_define_struct.o(.data)
    .data                                    0x20000568   Section       28  sys_define_struct.o(.data)
    .data                                    0x20000584   Section        2  sys_define_struct.o(.data)
    .data                                    0x20000586   Section        2  sys_define_struct.o(.data)
    .data                                    0x20000588   Section       84  sys_define_struct.o(.data)
    .data                                    0x200005dc   Section        2  sys_define_struct.o(.data)
    .data                                    0x200005e0   Section       84  sys_define_struct.o(.data)
    .data                                    0x20000634   Section       84  sys_define_struct.o(.data)
    .data                                    0x20000688   Section        6  sys_define_struct.o(.data)
    .data                                    0x2000068e   Section        1  sys_define_struct.o(.data)
    .data                                    0x20000690   Section        2  sys_define_struct.o(.data)
    .data                                    0x20000694   Section      132  sys_state_machine.o(.data)
    .data                                    0x20000718   Section        2  user_parallel.o(.data)
    .data                                    0x2000071a   Section       18  user_parallel.o(.data)
    .data                                    0x2000072c   Section       24  user_sample.o(.data)
    Altern_Cnt1                              0x2000072c   Data           1  user_sample.o(.data)
    Altern_Cnt2                              0x2000072d   Data           1  user_sample.o(.data)
    .data                                    0x20000744   Section        4  user_sample.o(.data)
    .data                                    0x20000748   Section      136  user_function.o(.data)
    blink_count                              0x20000748   Data           1  user_function.o(.data)
    target_blinks                            0x20000749   Data           1  user_function.o(.data)
    phase                                    0x2000074a   Data           1  user_function.o(.data)
    timer_ms                                 0x2000074c   Data           2  user_function.o(.data)
    .data                                    0x200007d0   Section      146  user_stepmotor.o(.data)
    .data                                    0x20000864   Section        4  user_stepmotor.o(.data)
    .data                                    0x20000868   Section       12  user_fault_check.o(.data)
    .data                                    0x20000874   Section        8  stepmotor_ctrl.o(.data)
    .data                                    0x2000087c   Section        8  inverter_ctrl.o(.data)
    s16_Bus_LPF                              0x20000880   Data           4  inverter_ctrl.o(.data)
    .data                                    0x20000884   Section       12  power_calc.o(.data)
    .data                                    0x20000890   Section       56  pq_droop_ctrl.o(.data)
    .data                                    0x200008c8   Section       24  pq_droop_ctrl.o(.data)
    .data                                    0x200008e0   Section        8  repeat_ctrl.o(.data)
    .data                                    0x200008e8   Section        4  system_bat32g139.o(.data)
    .bss                                     0x200008ec   Section       40  interrupt.o(.bss)
    .bss                                     0x20000914   Section       16  sys_define_struct.o(.bss)
    .bss                                     0x20000924   Section      108  sys_define_struct.o(.bss)
    .bss                                     0x20000990   Section       40  sys_define_struct.o(.bss)
    .bss                                     0x200009b8   Section       12  sys_define_struct.o(.bss)
    .bss                                     0x200009c4   Section       36  user_function.o(.bss)
    .bss                                     0x200009e8   Section      108  inverter_ctrl.o(.bss)
    .bss                                     0x20000a54   Section       24  lookup_table.o(.bss)
    .bss                                     0x20000a6c   Section       60  pid.o(.bss)
    .bss                                     0x20000aa8   Section       60  pid.o(.bss)
    .bss                                     0x20000ae4   Section       28  power_calc.o(.bss)
    .bss                                     0x20000b00   Section     3840  power_calc.o(.bss)
    .bss                                     0x20001a00   Section       52  repeat_ctrl.o(.bss)
    .bss                                     0x20001a34   Section     1536  repeat_ctrl.o(.bss)
    .bss                                     0x20002034   Section       96  libspace.o(.bss)
    HEAP                                     0x20002098   Section      256  startup_bat32g139.o(HEAP)
    Heap_Mem                                 0x20002098   Data         256  startup_bat32g139.o(HEAP)
    STACK                                    0x20002198   Section     1024  startup_bat32g139.o(STACK)
    Stack_Mem                                0x20002198   Data        1024  startup_bat32g139.o(STACK)
    __initial_sp                             0x20002598   Data           0  startup_bat32g139.o(STACK)

    Global Symbols

    Symbol Name                              Value     Ov Type        Size  Object(Section)

    BuildAttributes$$THM_ISAv3M$S$PE$A:L22$X:L11$S22$IEEE1$IW$USESV6$~STKCKD$USESV7$~SHL$OTIME$ROPI$IEEEJ$EBA8$UX$STANDARDLIB$REQ8$PRES8$EABIv2 0x00000000   Number         0  anon$$obj.o ABSOLUTE
    __ARM_use_no_argv                        0x00000000   Number         0  main.o ABSOLUTE
    __Vectors                                0x00000000   Data           4  startup_bat32g139.o(RESET)
    _printf_flags                            0x00000000   Number         0  printf_stubs.o ABSOLUTE
    _printf_return_value                     0x00000000   Number         0  printf_stubs.o ABSOLUTE
    _printf_sizespec                         0x00000000   Number         0  printf_stubs.o ABSOLUTE
    _printf_widthprec                        0x00000000   Number         0  printf_stubs.o ABSOLUTE
    __ARM_exceptions_init                     - Undefined Weak Reference
    __alloca_initialize                       - Undefined Weak Reference
    __arm_fini_                               - Undefined Weak Reference
    __arm_preinit_                            - Undefined Weak Reference
    __cpp_initialize__aeabi_                  - Undefined Weak Reference
    __cxa_finalize                            - Undefined Weak Reference
    __rt_locale                               - Undefined Weak Reference
    __sigvec_lookup                           - Undefined Weak Reference
    _atexit_init                              - Undefined Weak Reference
    _call_atexit_fns                          - Undefined Weak Reference
    _clock_init                               - Undefined Weak Reference
    _fp_trap_init                             - Undefined Weak Reference
    _fp_trap_shutdown                         - Undefined Weak Reference
    _get_lc_collate                           - Undefined Weak Reference
    _get_lc_ctype                             - Undefined Weak Reference
    _get_lc_monetary                          - Undefined Weak Reference
    _get_lc_numeric                           - Undefined Weak Reference
    _get_lc_time                              - Undefined Weak Reference
    _getenv_init                              - Undefined Weak Reference
    _handle_redirection                       - Undefined Weak Reference
    _init_alloc                               - Undefined Weak Reference
    _init_user_alloc                          - Undefined Weak Reference
    _initio                                   - Undefined Weak Reference
    _mutex_acquire                            - Undefined Weak Reference
    _mutex_release                            - Undefined Weak Reference
    _printf_mbtowc                            - Undefined Weak Reference
    _printf_truncate_signed                   - Undefined Weak Reference
    _printf_truncate_unsigned                 - Undefined Weak Reference
    _rand_init                                - Undefined Weak Reference
    _signal_finish                            - Undefined Weak Reference
    _signal_init                              - Undefined Weak Reference
    _terminate_alloc                          - Undefined Weak Reference
    _terminate_user_alloc                     - Undefined Weak Reference
    _terminateio                              - Undefined Weak Reference
    __Vectors_End                            0x000000c0   Data           0  startup_bat32g139.o(RESET)
    __Vectors_Size                           0x000000c0   Number         0  startup_bat32g139.o ABSOLUTE
    user_opt_data                            0x000000c0   Data           4  system_bat32g139.o(.ARM.__AT_0x000000C0)
    __main                                   0x000000c5   Thumb Code     8  __main.o(!!!main)
    __scatterload                            0x000000cd   Thumb Code     0  __scatter.o(!!!scatter)
    __scatterload_rt2                        0x000000cd   Thumb Code    52  __scatter.o(!!!scatter)
    __scatterload_rt2_thumb_only             0x000000cd   Thumb Code     0  __scatter.o(!!!scatter)
    __scatterload_null                       0x000000dd   Thumb Code     0  __scatter.o(!!!scatter)
    __scatterload_zeroinit                   0x00000109   Thumb Code    28  __scatter_zi.o(!!handler_zi)
    __rt_lib_init                            0x00000125   Thumb Code     0  libinit.o(.ARM.Collect$$libinit$$00000000)
    __rt_lib_init_alloca_1                   0x00000127   Thumb Code     0  libinit2.o(.ARM.Collect$$libinit$$0000002E)
    __rt_lib_init_argv_1                     0x00000127   Thumb Code     0  libinit2.o(.ARM.Collect$$libinit$$0000002C)
    __rt_lib_init_atexit_1                   0x00000127   Thumb Code     0  libinit2.o(.ARM.Collect$$libinit$$0000001B)
    __rt_lib_init_clock_1                    0x00000127   Thumb Code     0  libinit2.o(.ARM.Collect$$libinit$$00000021)
    __rt_lib_init_cpp_1                      0x00000127   Thumb Code     0  libinit2.o(.ARM.Collect$$libinit$$00000032)
    __rt_lib_init_exceptions_1               0x00000127   Thumb Code     0  libinit2.o(.ARM.Collect$$libinit$$00000030)
    __rt_lib_init_fp_1                       0x00000127   Thumb Code     0  libinit2.o(.ARM.Collect$$libinit$$00000002)
    __rt_lib_init_fp_trap_1                  0x00000127   Thumb Code     0  libinit2.o(.ARM.Collect$$libinit$$0000001F)
    __rt_lib_init_getenv_1                   0x00000127   Thumb Code     0  libinit2.o(.ARM.Collect$$libinit$$00000023)
    __rt_lib_init_heap_1                     0x00000127   Thumb Code     0  libinit2.o(.ARM.Collect$$libinit$$0000000A)
    __rt_lib_init_lc_collate_1               0x00000127   Thumb Code     0  libinit2.o(.ARM.Collect$$libinit$$00000011)
    __rt_lib_init_lc_ctype_1                 0x00000127   Thumb Code     0  libinit2.o(.ARM.Collect$$libinit$$00000013)
    __rt_lib_init_lc_monetary_1              0x00000127   Thumb Code     0  libinit2.o(.ARM.Collect$$libinit$$00000015)
    __rt_lib_init_lc_numeric_1               0x00000127   Thumb Code     0  libinit2.o(.ARM.Collect$$libinit$$00000017)
    __rt_lib_init_lc_time_1                  0x00000127   Thumb Code     0  libinit2.o(.ARM.Collect$$libinit$$00000019)
    __rt_lib_init_preinit_1                  0x00000127   Thumb Code     0  libinit2.o(.ARM.Collect$$libinit$$00000004)
    __rt_lib_init_rand_1                     0x00000127   Thumb Code     0  libinit2.o(.ARM.Collect$$libinit$$0000000E)
    __rt_lib_init_return                     0x00000127   Thumb Code     0  libinit2.o(.ARM.Collect$$libinit$$00000033)
    __rt_lib_init_signal_1                   0x00000127   Thumb Code     0  libinit2.o(.ARM.Collect$$libinit$$0000001D)
    __rt_lib_init_stdio_1                    0x00000127   Thumb Code     0  libinit2.o(.ARM.Collect$$libinit$$00000025)
    __rt_lib_init_user_alloc_1               0x00000127   Thumb Code     0  libinit2.o(.ARM.Collect$$libinit$$0000000C)
    __rt_lib_shutdown                        0x00000129   Thumb Code     0  libshutdown.o(.ARM.Collect$$libshutdown$$00000000)
    __rt_lib_shutdown_cpp_1                  0x0000012b   Thumb Code     0  libshutdown2.o(.ARM.Collect$$libshutdown$$00000004)
    __rt_lib_shutdown_fini_1                 0x0000012b   Thumb Code     0  libshutdown2.o(.ARM.Collect$$libshutdown$$00000002)
    __rt_lib_shutdown_fp_trap_1              0x0000012b   Thumb Code     0  libshutdown2.o(.ARM.Collect$$libshutdown$$00000009)
    __rt_lib_shutdown_heap_1                 0x0000012b   Thumb Code     0  libshutdown2.o(.ARM.Collect$$libshutdown$$00000011)
    __rt_lib_shutdown_return                 0x0000012b   Thumb Code     0  libshutdown2.o(.ARM.Collect$$libshutdown$$00000012)
    __rt_lib_shutdown_signal_1               0x0000012b   Thumb Code     0  libshutdown2.o(.ARM.Collect$$libshutdown$$0000000C)
    __rt_lib_shutdown_stdio_1                0x0000012b   Thumb Code     0  libshutdown2.o(.ARM.Collect$$libshutdown$$00000006)
    __rt_lib_shutdown_user_alloc_1           0x0000012b   Thumb Code     0  libshutdown2.o(.ARM.Collect$$libshutdown$$0000000E)
    __rt_entry                               0x0000012d   Thumb Code     0  __rtentry.o(.ARM.Collect$$rtentry$$00000000)
    __rt_entry_presh_1                       0x0000012d   Thumb Code     0  __rtentry2.o(.ARM.Collect$$rtentry$$00000002)
    __rt_entry_sh                            0x0000012d   Thumb Code     0  __rtentry4.o(.ARM.Collect$$rtentry$$00000004)
    __rt_entry_li                            0x00000133   Thumb Code     0  __rtentry2.o(.ARM.Collect$$rtentry$$0000000A)
    __rt_entry_postsh_1                      0x00000133   Thumb Code     0  __rtentry2.o(.ARM.Collect$$rtentry$$00000009)
    __rt_entry_main                          0x00000137   Thumb Code     0  __rtentry2.o(.ARM.Collect$$rtentry$$0000000D)
    __rt_entry_postli_1                      0x00000137   Thumb Code     0  __rtentry2.o(.ARM.Collect$$rtentry$$0000000C)
    __rt_exit                                0x0000013f   Thumb Code     0  rtexit.o(.ARM.Collect$$rtexit$$00000000)
    __rt_exit_ls                             0x00000141   Thumb Code     0  rtexit2.o(.ARM.Collect$$rtexit$$00000003)
    __rt_exit_prels_1                        0x00000141   Thumb Code     0  rtexit2.o(.ARM.Collect$$rtexit$$00000002)
    __rt_exit_exit                           0x00000145   Thumb Code     0  rtexit2.o(.ARM.Collect$$rtexit$$00000004)
    Reset_Handler                            0x0000014d   Thumb Code     8  startup_bat32g139.o(.text)
    HardFault_Handler                        0x00000157   Thumb Code     2  startup_bat32g139.o(.text)
    MemManage_Handler                        0x00000159   Thumb Code     2  startup_bat32g139.o(.text)
    BusFault_Handler                         0x0000015b   Thumb Code     2  startup_bat32g139.o(.text)
    UsageFault_Handler                       0x0000015d   Thumb Code     2  startup_bat32g139.o(.text)
    SVC_Handler                              0x0000015f   Thumb Code     2  startup_bat32g139.o(.text)
    DebugMon_Handler                         0x00000161   Thumb Code     2  startup_bat32g139.o(.text)
    PendSV_Handler                           0x00000163   Thumb Code     2  startup_bat32g139.o(.text)
    IRQ00_Handler                            0x00000167   Thumb Code     2  startup_bat32g139.o(.text)
    IRQ01_Handler                            0x00000169   Thumb Code     2  startup_bat32g139.o(.text)
    IRQ02_Handler                            0x0000016b   Thumb Code     2  startup_bat32g139.o(.text)
    IRQ03_Handler                            0x0000016d   Thumb Code     2  startup_bat32g139.o(.text)
    IRQ04_Handler                            0x0000016f   Thumb Code     2  startup_bat32g139.o(.text)
    IRQ05_Handler                            0x00000171   Thumb Code     2  startup_bat32g139.o(.text)
    IRQ06_Handler                            0x00000173   Thumb Code     2  startup_bat32g139.o(.text)
    IRQ07_Handler                            0x00000175   Thumb Code     2  startup_bat32g139.o(.text)
    IRQ08_Handler                            0x00000177   Thumb Code     2  startup_bat32g139.o(.text)
    IRQ09_Handler                            0x00000179   Thumb Code     2  startup_bat32g139.o(.text)
    IRQ10_Handler                            0x0000017b   Thumb Code     2  startup_bat32g139.o(.text)
    IRQ11_Handler                            0x0000017d   Thumb Code     2  startup_bat32g139.o(.text)
    IRQ12_Handler                            0x0000017f   Thumb Code     2  startup_bat32g139.o(.text)
    IRQ13_Handler                            0x00000181   Thumb Code     2  startup_bat32g139.o(.text)
    IRQ14_Handler                            0x00000183   Thumb Code     2  startup_bat32g139.o(.text)
    IRQ15_Handler                            0x00000185   Thumb Code     2  startup_bat32g139.o(.text)
    IRQ16_Handler                            0x00000187   Thumb Code     2  startup_bat32g139.o(.text)
    IRQ17_Handler                            0x00000189   Thumb Code     2  startup_bat32g139.o(.text)
    IRQ18_Handler                            0x0000018b   Thumb Code     2  startup_bat32g139.o(.text)
    IRQ19_Handler                            0x0000018d   Thumb Code     2  startup_bat32g139.o(.text)
    IRQ20_Handler                            0x0000018f   Thumb Code     2  startup_bat32g139.o(.text)
    IRQ21_Handler                            0x00000191   Thumb Code     2  startup_bat32g139.o(.text)
    IRQ22_Handler                            0x00000193   Thumb Code     2  startup_bat32g139.o(.text)
    IRQ23_Handler                            0x00000195   Thumb Code     2  startup_bat32g139.o(.text)
    IRQ24_Handler                            0x00000197   Thumb Code     2  startup_bat32g139.o(.text)
    IRQ25_Handler                            0x00000199   Thumb Code     2  startup_bat32g139.o(.text)
    IRQ26_Handler                            0x0000019b   Thumb Code     2  startup_bat32g139.o(.text)
    IRQ27_Handler                            0x0000019d   Thumb Code     2  startup_bat32g139.o(.text)
    IRQ30_Handler                            0x000001a3   Thumb Code     2  startup_bat32g139.o(.text)
    IRQ31_Handler                            0x000001a5   Thumb Code     2  startup_bat32g139.o(.text)
    __user_initial_stackheap                 0x000001a9   Thumb Code    10  startup_bat32g139.o(.text)
    __aeabi_uidiv                            0x000001cd   Thumb Code     0  aeabi_sdiv.o(.text)
    __aeabi_uidivmod                         0x000001cd   Thumb Code    20  aeabi_sdiv.o(.text)
    __aeabi_idiv                             0x000001e1   Thumb Code     0  aeabi_sdiv.o(.text)
    __aeabi_idivmod                          0x000001e1   Thumb Code   326  aeabi_sdiv.o(.text)
    __use_two_region_memory                  0x00000327   Thumb Code     2  heapauxi.o(.text)
    __rt_heap_escrow$2region                 0x00000329   Thumb Code     2  heapauxi.o(.text)
    __rt_heap_expand$2region                 0x0000032b   Thumb Code     2  heapauxi.o(.text)
    __aeabi_d2iz                             0x0000032d   Thumb Code     0  dfixi.o(.text)
    _dfix                                    0x0000032d   Thumb Code    98  dfixi.o(.text)
    __aeabi_d2uiz                            0x00000399   Thumb Code     0  dfixui.o(.text)
    _dfixu                                   0x00000399   Thumb Code    68  dfixui.o(.text)
    __aeabi_i2d_normalise                    0x000003e1   Thumb Code    66  dflti.o(.text)
    __aeabi_i2d                              0x00000423   Thumb Code    16  dflti.o(.text)
    _dflt                                    0x00000423   Thumb Code     0  dflti.o(.text)
    __aeabi_ui2d                             0x00000433   Thumb Code     6  dflti.o(.text)
    _dfltu                                   0x00000433   Thumb Code     0  dflti.o(.text)
    __ARM_scalbn                             0x00000439   Thumb Code    84  dscalbn.o(.text)
    __aeabi_i2f_normalise                    0x00000499   Thumb Code    72  fflti.o(.text)
    __aeabi_i2f                              0x000004e1   Thumb Code    16  fflti.o(.text)
    _fflt                                    0x000004e1   Thumb Code     0  fflti.o(.text)
    __aeabi_ui2f                             0x000004f1   Thumb Code     6  fflti.o(.text)
    _ffltu                                   0x000004f1   Thumb Code     0  fflti.o(.text)
    __read_errno                             0x000004f7   Thumb Code    10  _rserrno.o(.text)
    __set_errno                              0x00000501   Thumb Code    12  _rserrno.o(.text)
    _dsqrt                                   0x0000050d   Thumb Code   248  dsqrt.o(.text)
    __aeabi_errno_addr                       0x0000060d   Thumb Code     8  rt_errno_addr_intlibspace.o(.text)
    __errno$intlibspace                      0x0000060d   Thumb Code     0  rt_errno_addr_intlibspace.o(.text)
    __rt_errno_addr$intlibspace              0x0000060d   Thumb Code     0  rt_errno_addr_intlibspace.o(.text)
    __user_libspace                          0x00000615   Thumb Code     8  libspace.o(.text)
    __user_perproc_libspace                  0x00000615   Thumb Code     0  libspace.o(.text)
    __user_perthread_libspace                0x00000615   Thumb Code     0  libspace.o(.text)
    __user_setup_stackheap                   0x0000061d   Thumb Code    62  sys_stackheap_outer.o(.text)
    exit                                     0x0000065b   Thumb Code    16  exit.o(.text)
    _sys_exit                                0x0000066d   Thumb Code     8  sys_exit.o(.text)
    __I$use$semihosting                      0x00000679   Thumb Code     0  use_no_semi.o(.text)
    __use_no_semihosting_swi                 0x00000679   Thumb Code     2  use_no_semi.o(.text)
    __decompress                             0x0000067b   Thumb Code     0  __dczerorl2.o(.text)
    __decompress1                            0x0000067b   Thumb Code    86  __dczerorl2.o(.text)
    __semihosting_library_function           0x0000067b   Thumb Code     0  indicate_semi.o(.text)
    ACMP0_ConfigInit                         0x000006d1   Thumb Code    84  sys_hardware_init.o(i.ACMP0_ConfigInit)
    ADC_ConfigInit                           0x00000735   Thumb Code   128  sys_hardware_init.o(i.ADC_ConfigInit)
    CLK_GetCoreFreq                          0x000007c9   Thumb Code   110  system_bat32g139.o(i.CLK_GetCoreFreq)
    CLK_MainOsc_Setting                      0x0000086d   Thumb Code    46  clk.o(i.CLK_MainOsc_Setting)
    CLK_Osc_Setting                          0x000008a1   Thumb Code    98  clk.o(i.CLK_Osc_Setting)
    CLK_PLL_Setting                          0x00000909   Thumb Code    42  clk.o(i.CLK_PLL_Setting)
    CLK_PLL_Start                            0x00000939   Thumb Code    26  clk.o(i.CLK_PLL_Start)
    CMP_Filter_Setting                       0x00000959   Thumb Code    28  cmp.o(i.CMP_Filter_Setting)
    CMP_Input_Select                         0x00000979   Thumb Code    26  cmp.o(i.CMP_Input_Select)
    CMP_VREF_Init                            0x00000999   Thumb Code    36  cmp.o(i.CMP_VREF_Init)
    CMP_VREF_Set_Value                       0x000009c1   Thumb Code    16  cmp.o(i.CMP_VREF_Set_Value)
    COM_Altern_Sample                        0x000009d5   Thumb Code    46  user_sample.o(i.COM_Altern_Sample)
    COM_AuxPowerSample                       0x00000a09   Thumb Code    28  user_sample.o(i.COM_AuxPowerSample)
    COM_CurSample                            0x00000a2d   Thumb Code   158  user_sample.o(i.COM_CurSample)
    COM_TempNTC_Sample                       0x00000aed   Thumb Code    28  user_sample.o(i.COM_TempNTC_Sample)
    COM_VolSample                            0x00000b11   Thumb Code   148  user_sample.o(i.COM_VolSample)
    COM_Vref_Sample                          0x00000bbd   Thumb Code   114  user_sample.o(i.COM_Vref_Sample)
    DMA_Start                                0x00000c49   Thumb Code   162  dma.o(i.DMA_Start)
    EPWM_ConfigInit                          0x00000cf9   Thumb Code   256  sys_hardware_init.o(i.EPWM_ConfigInit)
    Fault_Deal_Func                          0x00000e15   Thumb Code    20  sys_state_machine.o(i.Fault_Deal_Func)
    Fault_State_Check                        0x00000e29   Thumb Code   344  user_fault_check.o(i.Fault_State_Check)
    Function_TxSendDebug                     0x00000ff9   Thumb Code   102  user_function.o(i.Function_TxSendDebug)
    GPIO_Init                                0x00001071   Thumb Code   166  sys_hardware_init.o(i.GPIO_Init)
    Get_The_Protect_Flag                     0x00001121   Thumb Code   140  user_fault_check.o(i.Get_The_Protect_Flag)
    INV_ACOUT_FreCalc                        0x000011b1   Thumb Code   138  user_parallel.o(i.INV_ACOUT_FreCalc)
    INV_CloseDrive                           0x00001245   Thumb Code    70  user_function.o(i.INV_CloseDrive)
    INV_DCIM_Ctrl                            0x0000129d   Thumb Code    70  inv_power_ctrl.o(i.INV_DCIM_Ctrl)
    INV_Power_Ctrl                           0x000012f9   Thumb Code    46  inv_power_ctrl.o(i.INV_Power_Ctrl)
    IRQ29_Handler                            0x00001339   Thumb Code   226  interrupt.o(i.IRQ29_Handler)
    Initial_Deal_Func                        0x0000145d   Thumb Code    32  sys_state_machine.o(i.Initial_Deal_Func)
    Inverter_AlgCtrl                         0x00001481   Thumb Code   432  inverter_ctrl.o(i.Inverter_AlgCtrl)
    Lookup_Table_Calc1                       0x00001661   Thumb Code    80  user_stepmotor.o(i.Lookup_Table_Calc1)
    Masterslavecheck                         0x000016b1   Thumb Code   188  user_parallel.o(i.Masterslavecheck)
    PID_Calc                                 0x0000177d   Thumb Code    92  pid.o(i.PID_Calc)
    PID_Ctrl                                 0x000017d9   Thumb Code    96  inv_power_ctrl.o(i.PID_Ctrl)
    PID_Para_Init                            0x00001839   Thumb Code   318  pid.o(i.PID_Para_Init)
    PORT_Init                                0x000019b9   Thumb Code   198  gpio.o(i.PORT_Init)
    PQ_Calc                                  0x00001a89   Thumb Code   166  power_calc.o(i.PQ_Calc)
    PQ_Droop_Ctrl                            0x00001b3d   Thumb Code   146  pq_droop_ctrl.o(i.PQ_Droop_Ctrl)
    Parallel_Para_Init                       0x00001bd5   Thumb Code   404  pq_droop_ctrl.o(i.Parallel_Para_Init)
    PowerCalc_Para_Init                      0x00001d79   Thumb Code    62  power_calc.o(i.PowerCalc_Para_Init)
    Protect_Release                          0x00001dc9   Thumb Code   308  user_fault_check.o(i.Protect_Release)
    Ready_Deal_Func                          0x00001fa5   Thumb Code    12  sys_state_machine.o(i.Ready_Deal_Func)
    Ready_State_Check                        0x00001fb1   Thumb Code   308  sys_state_machine.o(i.Ready_State_Check)
    RepeatCtrl_Calc                          0x0000212d   Thumb Code   142  repeat_ctrl.o(i.RepeatCtrl_Calc)
    RepeatCtrl_Para_Init                     0x000021cd   Thumb Code   174  repeat_ctrl.o(i.RepeatCtrl_Para_Init)
    Run_Deal_Func                            0x00002299   Thumb Code    44  sys_state_machine.o(i.Run_Deal_Func)
    Run_State_OpenDriver                     0x000022c5   Thumb Code    26  sys_state_machine.o(i.Run_State_OpenDriver)
    State_Context_Func                       0x000022f1   Thumb Code   148  sys_state_machine.o(i.State_Context_Func)
    StepMotor_PI_Ctrl                        0x00002385   Thumb Code    90  stepmotor_ctrl.o(i.StepMotor_PI_Ctrl)
    Stepmotordrive                           0x000023e5   Thumb Code    66  user_stepmotor.o(i.Stepmotordrive)
    StepmotormoveCheck                       0x00002435   Thumb Code   710  user_stepmotor.o(i.StepmotormoveCheck)
    Stop_Deal_Func                           0x00002739   Thumb Code     2  sys_state_machine.o(i.Stop_Deal_Func)
    SysTick_ConfigInit                       0x0000273d   Thumb Code    44  sys_hardware_init.o(i.SysTick_ConfigInit)
    SysTick_Handler                          0x00002775   Thumb Code   180  interrupt.o(i.SysTick_Handler)
    Sys_HardConfigInit                       0x00002859   Thumb Code    60  sys_hardware_init.o(i.Sys_HardConfigInit)
    Sys_StateMachine_Task                    0x0000289d   Thumb Code   170  sys_state_machine.o(i.Sys_StateMachine_Task)
    Sys_Variableinit                         0x00002955   Thumb Code   234  sys_variable_init.o(i.Sys_Variableinit)
    SystemClock_Init                         0x00002a91   Thumb Code    58  sys_hardware_init.o(i.SystemClock_Init)
    SystemInit                               0x00002ad9   Thumb Code    82  system_bat32g139.o(i.SystemInit)
    TMB0_Start                               0x00002b4d   Thumb Code    30  timb.o(i.TMB0_Start)
    TMB_InputCapture_Init                    0x00002b79   Thumb Code    72  sys_hardware_init.o(i.TMB_InputCapture_Init)
    UART1_ConfigInit                         0x00002bd5   Thumb Code   172  sys_hardware_init.o(i.UART1_ConfigInit)
    Update_AC_Data                           0x00002cad   Thumb Code   252  user_sample.o(i.Update_AC_Data)
    User_CommonFunction                      0x00002dd1   Thumb Code    20  user_function.o(i.User_CommonFunction)
    User_EffectiveValue_Calc                 0x00002de5   Thumb Code    56  user_sample.o(i.User_EffectiveValue_Calc)
    User_Key_Deal                            0x00002e21   Thumb Code    82  user_function.o(i.User_Key_Deal)
    User_LED_Deal                            0x00002e8d   Thumb Code   376  user_function.o(i.User_LED_Deal)
    User_PWM_Disable                         0x00003029   Thumb Code    18  sys_hardware_init.o(i.User_PWM_Disable)
    User_PWM_Enable                          0x00003045   Thumb Code     8  sys_hardware_init.o(i.User_PWM_Enable)
    User_UART_View                           0x00003051   Thumb Code    62  user_function.o(i.User_UART_View)
    WDT_Restart                              0x00003099   Thumb Code     8  wdt.o(i.WDT_Restart)
    Waiting_Deal_Func                        0x000030a5   Thumb Code    44  sys_state_machine.o(i.Waiting_Deal_Func)
    __ARM_common_switch8                     0x000030d9   Thumb Code    26  gpio.o(i.__ARM_common_switch8)
    key_Calc                                 0x00003151   Thumb Code   116  user_function.o(i.key_Calc)
    main                                     0x000031c5   Thumb Code    54  main.o(i.main)
    sqrt                                     0x00003209   Thumb Code    66  sqrt.o(i.sqrt)
    IRQ28_Handler                            0x00003251   Thumb Code     0  interrupt.o(i.tmm1_interrupt)
    tmm1_interrupt                           0x00003251   Thumb Code   402  interrupt.o(i.tmm1_interrupt)
    NMI_Handler                              0x00003431   Thumb Code     0  wdt_user.o(i.wdt_interrupt)
    wdt_interrupt                            0x00003431   Thumb Code    16  wdt_user.o(i.wdt_interrupt)
    CLK_Fclk_Select                          0x00003445   Thumb Code    58  clk.o(sram_code)
    Sine_Table_50Hz                          0x00003488   Data         768  user_sine_table.o(.constdata)
    __I$use$fp                               0x00003488   Number         0  usenofp.o(x$fpl$usenofp)
    Region$$Table$$Base                      0x000038e0   Number         0  anon$$obj.o(Region$$Table)
    Region$$Table$$Limit                     0x00003900   Number         0  anon$$obj.o(Region$$Table)
    g_tmb_intTaken_a                         0x20000200   Data           2  timb_user.o(.data)
    g_tmb_intTaken_b                         0x20000202   Data           2  timb_user.o(.data)
    g_tmb_overflow_count_a                   0x20000204   Data           2  timb_user.o(.data)
    g_tmb_overflow_count_b                   0x20000206   Data           2  timb_user.o(.data)
    g_tmb_active_width_a                     0x20000208   Data           4  timb_user.o(.data)
    g_tmb_active_width_b                     0x2000020c   Data           4  timb_user.o(.data)
    g_WdtIntTaken                            0x20000210   Data           4  wdt_user.o(.data)
    system_1ms_count                         0x20000214   Data           1  main.o(.data)
    SpeedSampleCount                         0x20000218   Data           1  interrupt.o(.data)
    Step_Motor_ms                            0x20000219   Data           1  interrupt.o(.data)
    tmsr1_temp                               0x2000021a   Data           1  interrupt.o(.data)
    tmier1_temp                              0x2000021b   Data           1  interrupt.o(.data)
    s16_GeneratorfreVal                      0x2000021c   Data           2  interrupt.o(.data)
    s16_GeneratorfreVal_Old                  0x2000021e   Data           2  interrupt.o(.data)
    s32_GeneratorcapvalCal                   0x20000220   Data           4  interrupt.o(.data)
    s32_GeneratorcapvalCal_OLd               0x20000224   Data           4  interrupt.o(.data)
    s32_GeneratorcapvalCaltemp               0x20000228   Data           4  interrupt.o(.data)
    count_flag                               0x2000022c   Data           4  interrupt.o(.data)
    InvVol_AM_Target_TempLPF                 0x20000230   Data           4  interrupt.o(.data)
    test_cnt                                 0x20000234   Data           4  interrupt.o(.data)
    InvVol_AM_Target_Temp                    0x20000238   Data           4  interrupt.o(.data)
    COM_VBUS_OVP1_Info                       0x2000023c   Data          24  sys_define_struct.o(.data)
    COM_VBUS_OVP2_Info                       0x20000254   Data          24  sys_define_struct.o(.data)
    COM_VBUS_OVP3_Info                       0x2000026c   Data          24  sys_define_struct.o(.data)
    COM_VBUS_OLP1_Info                       0x20000284   Data          24  sys_define_struct.o(.data)
    COM_VBUS_OLP2_Info                       0x2000029c   Data          24  sys_define_struct.o(.data)
    COM_VBUS_OLP3_Info                       0x200002b4   Data          24  sys_define_struct.o(.data)
    INV_P_OLP1_Info                          0x200002cc   Data          24  sys_define_struct.o(.data)
    INV_P_OLP2_Info                          0x200002e4   Data          24  sys_define_struct.o(.data)
    INV_P_OLP3_Info                          0x200002fc   Data          24  sys_define_struct.o(.data)
    INV_P_OLP4_Info                          0x20000314   Data          24  sys_define_struct.o(.data)
    INV_Induc_OCP1_Info                      0x2000032c   Data          24  sys_define_struct.o(.data)
    INV_Induc_OCP2_Info                      0x20000344   Data          24  sys_define_struct.o(.data)
    INV_ACOUT_RMS_OVP_Info                   0x2000035c   Data          24  sys_define_struct.o(.data)
    INV_ACOUT_RMS_OLP_Info                   0x20000374   Data          24  sys_define_struct.o(.data)
    INV_ACOUT_SCP_Info                       0x2000038c   Data          24  sys_define_struct.o(.data)
    COM_RPM_Over                             0x200003a4   Data          24  sys_define_struct.o(.data)
    COM_RPM_Low                              0x200003bc   Data          24  sys_define_struct.o(.data)
    COM_AuxPower_OVP_Info                    0x200003d4   Data          24  sys_define_struct.o(.data)
    COM_AuxPower_OLP_Info                    0x200003ec   Data          24  sys_define_struct.o(.data)
    COM_OTP1_Info                            0x20000404   Data          24  sys_define_struct.o(.data)
    COM_OTP2_Info                            0x2000041c   Data          24  sys_define_struct.o(.data)
    COM_VrefOver_Info                        0x20000434   Data          24  sys_define_struct.o(.data)
    COM_VrefLow_Info                         0x2000044c   Data          24  sys_define_struct.o(.data)
    COM_StartCheck_VBUS_Up_Info              0x20000464   Data          24  sys_define_struct.o(.data)
    COM_StartCheck_VBUS_Dn_Info              0x2000047c   Data          24  sys_define_struct.o(.data)
    COM_StartCheck_RPM_Info                  0x20000494   Data          24  sys_define_struct.o(.data)
    COM_StartCheck_AuxPower_Up_Info          0x200004ac   Data          24  sys_define_struct.o(.data)
    COM_StartCheck_AuxPower_Dn_Info          0x200004c4   Data          24  sys_define_struct.o(.data)
    COM_StartCheck_Temp_Up                   0x200004dc   Data          24  sys_define_struct.o(.data)
    Key_SW_FreqChoice                        0x200004f4   Data          20  sys_define_struct.o(.data)
    Key_SW_ECO                               0x20000508   Data          20  sys_define_struct.o(.data)
    Key_Pro_Reset                            0x2000051c   Data          20  sys_define_struct.o(.data)
    AD_Correct_V_ACOUT                       0x20000530   Data          28  sys_define_struct.o(.data)
    AD_Correct_I_Induc                       0x2000054c   Data          28  sys_define_struct.o(.data)
    AD_Correct_Vref                          0x20000568   Data          28  sys_define_struct.o(.data)
    System_ProtectFlag_Info                  0x20000584   Data           2  sys_define_struct.o(.data)
    StartCheck_Flag_Info                     0x20000586   Data           2  sys_define_struct.o(.data)
    StepMotor_Ctrl                           0x20000588   Data          84  sys_define_struct.o(.data)
    SysClockBase_ms                          0x200005dc   Data           2  sys_define_struct.o(.data)
    INV_PID_Power                            0x200005e0   Data          84  sys_define_struct.o(.data)
    INV_PID_DCIM                             0x20000634   Data          84  sys_define_struct.o(.data)
    INV_Power_Ctrl_Info                      0x20000688   Data           6  sys_define_struct.o(.data)
    Stpmotorcon                              0x2000068e   Data           1  sys_define_struct.o(.data)
    Controllogic                             0x20000690   Data           2  sys_define_struct.o(.data)
    Stop_Deal                                0x20000694   Data           8  sys_state_machine.o(.data)
    State_Context                            0x2000069c   Data          32  sys_state_machine.o(.data)
    Initial_Deal                             0x200006bc   Data          16  sys_state_machine.o(.data)
    Waiting_Deal                             0x200006cc   Data          16  sys_state_machine.o(.data)
    Ready_Deal                               0x200006dc   Data          24  sys_state_machine.o(.data)
    Run_Deal                                 0x200006f4   Data          20  sys_state_machine.o(.data)
    Fault_Deal                               0x20000708   Data          16  sys_state_machine.o(.data)
    s16_ParaslavetomastrVal                  0x20000718   Data           2  user_parallel.o(.data)
    flag                                     0x2000071a   Data           1  user_parallel.o(.data)
    s16_Capture_Vol_Fre                      0x2000071c   Data           2  user_parallel.o(.data)
    u16_CapturetimeCnt                       0x2000071e   Data           2  user_parallel.o(.data)
    s16_MasterslaveCnt                       0x20000720   Data           2  user_parallel.o(.data)
    s16_MasterslaveidVal                     0x20000722   Data           2  user_parallel.o(.data)
    s16_MasterslaveidDclim                   0x20000724   Data           2  user_parallel.o(.data)
    s16_MasterslaverunCnt                    0x20000726   Data           2  user_parallel.o(.data)
    TimeCntVal                               0x20000728   Data           2  user_parallel.o(.data)
    paralogiccontrol                         0x2000072a   Data           2  user_parallel.o(.data)
    s16_OutcapcurVal                         0x2000072e   Data           2  user_sample.o(.data)
    s16_OutvoldiffVal                        0x20000730   Data           2  user_sample.o(.data)
    s16_OutcapcurValfil                      0x20000732   Data           2  user_sample.o(.data)
    s16_UoutcquireValbak                     0x20000734   Data           2  user_sample.o(.data)
    s16_IuacquireVal                         0x20000736   Data           2  user_sample.o(.data)
    s32_UbuscquireVal                        0x20000738   Data           4  user_sample.o(.data)
    s32_ActivePowerTotal_temp                0x2000073c   Data           4  user_sample.o(.data)
    s32_Apparent_Power_Total_temp            0x20000740   Data           4  user_sample.o(.data)
    Unlongdcvolcomponentfilsec               0x20000744   Data           4  user_sample.o(.data)
    ProtectFlagNames                         0x20000750   Data          64  user_function.o(.data)
    StartCheckFlagNames                      0x20000790   Data          64  user_function.o(.data)
    flag_count_PIOut_temp5                   0x200007d0   Data           1  user_stepmotor.o(.data)
    Start_Flag                               0x200007d1   Data           1  user_stepmotor.o(.data)
    Active_Power_Total_Count                 0x200007d2   Data           1  user_stepmotor.o(.data)
    stepmotor_speed_constcnt                 0x200007d3   Data           1  user_stepmotor.o(.data)
    flag_count_PIOut                         0x200007d4   Data           1  user_stepmotor.o(.data)
    flag_count_PIOut_temp                    0x200007d5   Data           1  user_stepmotor.o(.data)
    flag_count_PIOut_temp4                   0x200007d6   Data           1  user_stepmotor.o(.data)
    stepmotor_speed_const                    0x200007d7   Data           1  user_stepmotor.o(.data)
    s16_GeneratorSpeed_Min                   0x200007d8   Data           2  user_stepmotor.o(.data)
    s16_GeneratorSpeedAvg                    0x200007da   Data           2  user_stepmotor.o(.data)
    Active_Power_Total_Old                   0x200007dc   Data           2  user_stepmotor.o(.data)
    Start_Count                              0x200007de   Data           2  user_stepmotor.o(.data)
    s16_GeneratorSpeed_Max                   0x200007e0   Data           2  user_stepmotor.o(.data)
    Step_Driver_Hardware_Buff                0x200007e4   Data           4  user_stepmotor.o(.data)
    s32_GeneratorSpeedSum                    0x200007e8   Data           4  user_stepmotor.o(.data)
    stepmotor_temp                           0x200007ec   Data           4  user_stepmotor.o(.data)
    g_Engine_Power_P_x_ECO                   0x200007f0   Data          24  user_stepmotor.o(.data)
    g_Engine_Power_Rpm_y_ECO                 0x20000808   Data          24  user_stepmotor.o(.data)
    g_Engine_Power_P_x_Full                  0x20000820   Data          24  user_stepmotor.o(.data)
    g_Engine_Power_Rpm_y_Full                0x20000838   Data          24  user_stepmotor.o(.data)
    Step_Driver_Signal_Buff                  0x20000850   Data          18  user_stepmotor.o(.data)
    GeneratorfreFilter                       0x20000864   Data           4  user_stepmotor.o(.data)
    Inv_Out_Short_Flag_Count                 0x20000868   Data           1  user_fault_check.o(.data)
    Inv_Out_Short_Flag                       0x20000869   Data           1  user_fault_check.o(.data)
    Temperature_Count                        0x2000086a   Data           2  user_fault_check.o(.data)
    System_ProtectFlag_Info_First_Value      0x2000086c   Data           2  user_fault_check.o(.data)
    Protect_Release_Cnt                      0x20000870   Data           4  user_fault_check.o(.data)
    Ki_B                                     0x20000874   Data           4  stepmotor_ctrl.o(.data)
    Kp_A                                     0x20000878   Data           4  stepmotor_ctrl.o(.data)
    s16_Virtual_Res_Vol                      0x2000087c   Data           4  inverter_ctrl.o(.data)
    s32_P_Sum                                0x20000884   Data           4  power_calc.o(.data)
    s32_Q_Sum                                0x20000888   Data           4  power_calc.o(.data)
    s16_Calc_dot_reciprocal                  0x2000088c   Data           4  power_calc.o(.data)
    PQ_Droop_Ctrl_Info                       0x20000890   Data          56  pq_droop_ctrl.o(.data)
    s16_BusVol_Omiga_Comp                    0x200008c8   Data           4  pq_droop_ctrl.o(.data)
    s16_BusVol_Omiga_CompCoeff               0x200008cc   Data           4  pq_droop_ctrl.o(.data)
    s16_BusVol_AMP_Comp                      0x200008d0   Data           4  pq_droop_ctrl.o(.data)
    s16_BusVol_Omiga_Comp_Max                0x200008d4   Data           4  pq_droop_ctrl.o(.data)
    s16_BusVol_Thr_Comp                      0x200008d8   Data           4  pq_droop_ctrl.o(.data)
    s16_BusVol_AMP_CompCoeff                 0x200008dc   Data           4  pq_droop_ctrl.o(.data)
    Repeat_error_LPF                         0x200008e0   Data           4  repeat_ctrl.o(.data)
    Repeat_Out_LPF                           0x200008e4   Data           4  repeat_ctrl.o(.data)
    SystemCoreClock                          0x200008e8   Data           4  system_bat32g139.o(.data)
    s16_GeneratorfreVal_Array                0x200008ec   Data          20  interrupt.o(.bss)
    INV_Info                                 0x20000900   Data          20  interrupt.o(.bss)
    System_Power_Info                        0x20000914   Data          16  sys_define_struct.o(.bss)
    ADSample_Info                            0x20000924   Data         108  sys_define_struct.o(.bss)
    ADSample_Store_Info                      0x20000990   Data          40  sys_define_struct.o(.bss)
    INV_Ctrl_Info                            0x200009b8   Data          12  sys_define_struct.o(.bss)
    txBuf                                    0x200009c4   Data          20  user_function.o(.bss)
    num                                      0x200009d8   Data          16  user_function.o(.bss)
    Inv_SineCtrl_Info                        0x200009e8   Data         108  inverter_ctrl.o(.bss)
    Lookup_Table_Speed                       0x20000a54   Data          24  lookup_table.o(.bss)
    PID_Vol_Loop                             0x20000a6c   Data          60  pid.o(.bss)
    PID_Curr_Loop                            0x20000aa8   Data          60  pid.o(.bss)
    PQ_Calc_Info                             0x20000ae4   Data          28  power_calc.o(.bss)
    PQ_Vol_peak                              0x20000b00   Data        1920  power_calc.o(.bss)
    PQ_Cur_peak                              0x20001280   Data        1920  power_calc.o(.bss)
    RepeatCtrl_Info                          0x20001a00   Data          52  repeat_ctrl.o(.bss)
    Repeat_Out_Buff                          0x20001a34   Data        1536  repeat_ctrl.o(.bss)
    __libspace_start                         0x20002034   Data          96  libspace.o(.bss)
    __temporary_stack_top$libspace           0x20002094   Data           0  libspace.o(.bss)



==============================================================================

Memory Map of the image

  Image Entry point : 0x000000c5

  Load Region LR_IROM1 (Base: 0x00000000, Size: 0x00003fec, Max: 0x00040000, ABSOLUTE, COMPRESSED[0x00003ba8])

    Execution Region ER_IROM1 (Exec base: 0x00000000, Load base: 0x00000000, Size: 0x00003900, Max: 0x00040000, ABSOLUTE)

    Exec Addr    Load Addr    Size         Type   Attr      Idx    E Section Name        Object

    0x00000000   0x00000000   0x000000c0   Data   RO         4215    RESET               startup_bat32g139.o
    0x000000c0   0x000000c0   0x00000004   Data   RO         4226    .ARM.__AT_0x000000C0  system_bat32g139.o
    0x000000c4   0x000000c4   0x00000008   Code   RO         4308  * !!!main             c_p.l(__main.o)
    0x000000cc   0x000000cc   0x0000003c   Code   RO         4545    !!!scatter          c_p.l(__scatter.o)
    0x00000108   0x00000108   0x0000001c   Code   RO         4547    !!handler_zi        c_p.l(__scatter_zi.o)
    0x00000124   0x00000124   0x00000002   Code   RO         4413    .ARM.Collect$$libinit$$00000000  c_p.l(libinit.o)
    0x00000126   0x00000126   0x00000000   Code   RO         4426    .ARM.Collect$$libinit$$00000002  c_p.l(libinit2.o)
    0x00000126   0x00000126   0x00000000   Code   RO         4428    .ARM.Collect$$libinit$$00000004  c_p.l(libinit2.o)
    0x00000126   0x00000126   0x00000000   Code   RO         4431    .ARM.Collect$$libinit$$0000000A  c_p.l(libinit2.o)
    0x00000126   0x00000126   0x00000000   Code   RO         4433    .ARM.Collect$$libinit$$0000000C  c_p.l(libinit2.o)
    0x00000126   0x00000126   0x00000000   Code   RO         4435    .ARM.Collect$$libinit$$0000000E  c_p.l(libinit2.o)
    0x00000126   0x00000126   0x00000000   Code   RO         4438    .ARM.Collect$$libinit$$00000011  c_p.l(libinit2.o)
    0x00000126   0x00000126   0x00000000   Code   RO         4440    .ARM.Collect$$libinit$$00000013  c_p.l(libinit2.o)
    0x00000126   0x00000126   0x00000000   Code   RO         4442    .ARM.Collect$$libinit$$00000015  c_p.l(libinit2.o)
    0x00000126   0x00000126   0x00000000   Code   RO         4444    .ARM.Collect$$libinit$$00000017  c_p.l(libinit2.o)
    0x00000126   0x00000126   0x00000000   Code   RO         4446    .ARM.Collect$$libinit$$00000019  c_p.l(libinit2.o)
    0x00000126   0x00000126   0x00000000   Code   RO         4448    .ARM.Collect$$libinit$$0000001B  c_p.l(libinit2.o)
    0x00000126   0x00000126   0x00000000   Code   RO         4450    .ARM.Collect$$libinit$$0000001D  c_p.l(libinit2.o)
    0x00000126   0x00000126   0x00000000   Code   RO         4452    .ARM.Collect$$libinit$$0000001F  c_p.l(libinit2.o)
    0x00000126   0x00000126   0x00000000   Code   RO         4454    .ARM.Collect$$libinit$$00000021  c_p.l(libinit2.o)
    0x00000126   0x00000126   0x00000000   Code   RO         4456    .ARM.Collect$$libinit$$00000023  c_p.l(libinit2.o)
    0x00000126   0x00000126   0x00000000   Code   RO         4458    .ARM.Collect$$libinit$$00000025  c_p.l(libinit2.o)
    0x00000126   0x00000126   0x00000000   Code   RO         4462    .ARM.Collect$$libinit$$0000002C  c_p.l(libinit2.o)
    0x00000126   0x00000126   0x00000000   Code   RO         4464    .ARM.Collect$$libinit$$0000002E  c_p.l(libinit2.o)
    0x00000126   0x00000126   0x00000000   Code   RO         4466    .ARM.Collect$$libinit$$00000030  c_p.l(libinit2.o)
    0x00000126   0x00000126   0x00000000   Code   RO         4468    .ARM.Collect$$libinit$$00000032  c_p.l(libinit2.o)
    0x00000126   0x00000126   0x00000002   Code   RO         4469    .ARM.Collect$$libinit$$00000033  c_p.l(libinit2.o)
    0x00000128   0x00000128   0x00000002   Code   RO         4498    .ARM.Collect$$libshutdown$$00000000  c_p.l(libshutdown.o)
    0x0000012a   0x0000012a   0x00000000   Code   RO         4524    .ARM.Collect$$libshutdown$$00000002  c_p.l(libshutdown2.o)
    0x0000012a   0x0000012a   0x00000000   Code   RO         4526    .ARM.Collect$$libshutdown$$00000004  c_p.l(libshutdown2.o)
    0x0000012a   0x0000012a   0x00000000   Code   RO         4528    .ARM.Collect$$libshutdown$$00000006  c_p.l(libshutdown2.o)
    0x0000012a   0x0000012a   0x00000000   Code   RO         4531    .ARM.Collect$$libshutdown$$00000009  c_p.l(libshutdown2.o)
    0x0000012a   0x0000012a   0x00000000   Code   RO         4534    .ARM.Collect$$libshutdown$$0000000C  c_p.l(libshutdown2.o)
    0x0000012a   0x0000012a   0x00000000   Code   RO         4536    .ARM.Collect$$libshutdown$$0000000E  c_p.l(libshutdown2.o)
    0x0000012a   0x0000012a   0x00000000   Code   RO         4539    .ARM.Collect$$libshutdown$$00000011  c_p.l(libshutdown2.o)
    0x0000012a   0x0000012a   0x00000002   Code   RO         4540    .ARM.Collect$$libshutdown$$00000012  c_p.l(libshutdown2.o)
    0x0000012c   0x0000012c   0x00000000   Code   RO         4341    .ARM.Collect$$rtentry$$00000000  c_p.l(__rtentry.o)
    0x0000012c   0x0000012c   0x00000000   Code   RO         4363    .ARM.Collect$$rtentry$$00000002  c_p.l(__rtentry2.o)
    0x0000012c   0x0000012c   0x00000006   Code   RO         4375    .ARM.Collect$$rtentry$$00000004  c_p.l(__rtentry4.o)
    0x00000132   0x00000132   0x00000000   Code   RO         4365    .ARM.Collect$$rtentry$$00000009  c_p.l(__rtentry2.o)
    0x00000132   0x00000132   0x00000004   Code   RO         4366    .ARM.Collect$$rtentry$$0000000A  c_p.l(__rtentry2.o)
    0x00000136   0x00000136   0x00000000   Code   RO         4368    .ARM.Collect$$rtentry$$0000000C  c_p.l(__rtentry2.o)
    0x00000136   0x00000136   0x00000008   Code   RO         4369    .ARM.Collect$$rtentry$$0000000D  c_p.l(__rtentry2.o)
    0x0000013e   0x0000013e   0x00000002   Code   RO         4417    .ARM.Collect$$rtexit$$00000000  c_p.l(rtexit.o)
    0x00000140   0x00000140   0x00000000   Code   RO         4473    .ARM.Collect$$rtexit$$00000002  c_p.l(rtexit2.o)
    0x00000140   0x00000140   0x00000004   Code   RO         4474    .ARM.Collect$$rtexit$$00000003  c_p.l(rtexit2.o)
    0x00000144   0x00000144   0x00000006   Code   RO         4475    .ARM.Collect$$rtexit$$00000004  c_p.l(rtexit2.o)
    0x0000014a   0x0000014a   0x00000002   PAD
    0x0000014c   0x0000014c   0x00000080   Code   RO         4216    .text               startup_bat32g139.o
    0x000001cc   0x000001cc   0x0000015a   Code   RO         4302    .text               c_p.l(aeabi_sdiv.o)
    0x00000326   0x00000326   0x00000006   Code   RO         4306    .text               c_p.l(heapauxi.o)
    0x0000032c   0x0000032c   0x0000006c   Code   RO         4317    .text               fz_ps.l(dfixi.o)
    0x00000398   0x00000398   0x00000048   Code   RO         4319    .text               fz_ps.l(dfixui.o)
    0x000003e0   0x000003e0   0x00000058   Code   RO         4321    .text               fz_ps.l(dflti.o)
    0x00000438   0x00000438   0x00000060   Code   RO         4329    .text               fz_ps.l(dscalbn.o)
    0x00000498   0x00000498   0x0000005e   Code   RO         4331    .text               fz_ps.l(fflti.o)
    0x000004f6   0x000004f6   0x00000016   Code   RO         4346    .text               c_p.l(_rserrno.o)
    0x0000050c   0x0000050c   0x00000100   Code   RO         4359    .text               fz_ps.l(dsqrt.o)
    0x0000060c   0x0000060c   0x00000008   Code   RO         4382    .text               c_p.l(rt_errno_addr_intlibspace.o)
    0x00000614   0x00000614   0x00000008   Code   RO         4394    .text               c_p.l(libspace.o)
    0x0000061c   0x0000061c   0x0000003e   Code   RO         4397    .text               c_p.l(sys_stackheap_outer.o)
    0x0000065a   0x0000065a   0x00000010   Code   RO         4402    .text               c_p.l(exit.o)
    0x0000066a   0x0000066a   0x00000002   PAD
    0x0000066c   0x0000066c   0x0000000c   Code   RO         4470    .text               c_p.l(sys_exit.o)
    0x00000678   0x00000678   0x00000002   Code   RO         4487    .text               c_p.l(use_no_semi.o)
    0x0000067a   0x0000067a   0x00000000   Code   RO         4489    .text               c_p.l(indicate_semi.o)
    0x0000067a   0x0000067a   0x00000056   Code   RO         4543    .text               c_p.l(__dczerorl2.o)
    0x000006d0   0x000006d0   0x00000064   Code   RO         3452    i.ACMP0_ConfigInit  sys_hardware_init.o
    0x00000734   0x00000734   0x00000094   Code   RO         3453    i.ADC_ConfigInit    sys_hardware_init.o
    0x000007c8   0x000007c8   0x000000a4   Code   RO         4222    i.CLK_GetCoreFreq   system_bat32g139.o
    0x0000086c   0x0000086c   0x00000034   Code   RO          157    i.CLK_MainOsc_Setting  clk.o
    0x000008a0   0x000008a0   0x00000068   Code   RO          160    i.CLK_Osc_Setting   clk.o
    0x00000908   0x00000908   0x00000030   Code   RO          161    i.CLK_PLL_Setting   clk.o
    0x00000938   0x00000938   0x00000020   Code   RO          162    i.CLK_PLL_Start     clk.o
    0x00000958   0x00000958   0x00000020   Code   RO          250    i.CMP_Filter_Setting  cmp.o
    0x00000978   0x00000978   0x00000020   Code   RO          252    i.CMP_Input_Select  cmp.o
    0x00000998   0x00000998   0x00000028   Code   RO          255    i.CMP_VREF_Init     cmp.o
    0x000009c0   0x000009c0   0x00000014   Code   RO          256    i.CMP_VREF_Set_Value  cmp.o
    0x000009d4   0x000009d4   0x00000034   Code   RO         3690    i.COM_Altern_Sample  user_sample.o
    0x00000a08   0x00000a08   0x00000024   Code   RO         3691    i.COM_AuxPowerSample  user_sample.o
    0x00000a2c   0x00000a2c   0x000000c0   Code   RO         3692    i.COM_CurSample     user_sample.o
    0x00000aec   0x00000aec   0x00000024   Code   RO         3693    i.COM_TempNTC_Sample  user_sample.o
    0x00000b10   0x00000b10   0x000000ac   Code   RO         3694    i.COM_VolSample     user_sample.o
    0x00000bbc   0x00000bbc   0x0000008c   Code   RO         3695    i.COM_Vref_Sample   user_sample.o
    0x00000c48   0x00000c48   0x000000b0   Code   RO          413    i.DMA_Start         dma.o
    0x00000cf8   0x00000cf8   0x0000011c   Code   RO         3454    i.EPWM_ConfigInit   sys_hardware_init.o
    0x00000e14   0x00000e14   0x00000014   Code   RO         3562    i.Fault_Deal_Func   sys_state_machine.o
    0x00000e28   0x00000e28   0x000001d0   Code   RO         3924    i.Fault_State_Check  user_fault_check.o
    0x00000ff8   0x00000ff8   0x00000078   Code   RO         3771    i.Function_TxSendDebug  user_function.o
    0x00001070   0x00001070   0x000000b0   Code   RO         3455    i.GPIO_Init         sys_hardware_init.o
    0x00001120   0x00001120   0x00000090   Code   RO         3926    i.Get_The_Protect_Flag  user_fault_check.o
    0x000011b0   0x000011b0   0x00000094   Code   RO         3647    i.INV_ACOUT_FreCalc  user_parallel.o
    0x00001244   0x00001244   0x00000058   Code   RO         3772    i.INV_CloseDrive    user_function.o
    0x0000129c   0x0000129c   0x0000005c   Code   RO         4031    i.INV_DCIM_Ctrl     inv_power_ctrl.o
    0x000012f8   0x000012f8   0x00000040   Code   RO         4032    i.INV_Power_Ctrl    inv_power_ctrl.o
    0x00001338   0x00001338   0x00000124   Code   RO         3296    i.IRQ29_Handler     interrupt.o
    0x0000145c   0x0000145c   0x00000024   Code   RO         3563    i.Initial_Deal_Func  sys_state_machine.o
    0x00001480   0x00001480   0x000001e0   Code   RO         4070    i.Inverter_AlgCtrl  inverter_ctrl.o
    0x00001660   0x00001660   0x00000050   Code   RO         3860    i.Lookup_Table_Calc1  user_stepmotor.o
    0x000016b0   0x000016b0   0x000000cc   Code   RO         3648    i.Masterslavecheck  user_parallel.o
    0x0000177c   0x0000177c   0x0000005c   Code   RO         4110    i.PID_Calc          pid.o
    0x000017d8   0x000017d8   0x00000060   Code   RO         4033    i.PID_Ctrl          inv_power_ctrl.o
    0x00001838   0x00001838   0x00000180   Code   RO         4111    i.PID_Para_Init     pid.o
    0x000019b8   0x000019b8   0x000000d0   Code   RO          537    i.PORT_Init         gpio.o
    0x00001a88   0x00001a88   0x000000b4   Code   RO         4136    i.PQ_Calc           power_calc.o
    0x00001b3c   0x00001b3c   0x00000098   Code   RO         4162    i.PQ_Droop_Ctrl     pq_droop_ctrl.o
    0x00001bd4   0x00001bd4   0x000001a4   Code   RO         4163    i.Parallel_Para_Init  pq_droop_ctrl.o
    0x00001d78   0x00001d78   0x00000050   Code   RO         4137    i.PowerCalc_Para_Init  power_calc.o
    0x00001dc8   0x00001dc8   0x000001dc   Code   RO         3927    i.Protect_Release   user_fault_check.o
    0x00001fa4   0x00001fa4   0x0000000c   Code   RO         3564    i.Ready_Deal_Func   sys_state_machine.o
    0x00001fb0   0x00001fb0   0x0000017c   Code   RO         3565    i.Ready_State_Check  sys_state_machine.o
    0x0000212c   0x0000212c   0x000000a0   Code   RO         4187    i.RepeatCtrl_Calc   repeat_ctrl.o
    0x000021cc   0x000021cc   0x000000cc   Code   RO         4188    i.RepeatCtrl_Para_Init  repeat_ctrl.o
    0x00002298   0x00002298   0x0000002c   Code   RO         3566    i.Run_Deal_Func     sys_state_machine.o
    0x000022c4   0x000022c4   0x0000002c   Code   RO         3567    i.Run_State_OpenDriver  sys_state_machine.o
    0x000022f0   0x000022f0   0x00000094   Code   RO         3568    i.State_Context_Func  sys_state_machine.o
    0x00002384   0x00002384   0x00000060   Code   RO         4008    i.StepMotor_PI_Ctrl  stepmotor_ctrl.o
    0x000023e4   0x000023e4   0x00000050   Code   RO         3861    i.Stepmotordrive    user_stepmotor.o
    0x00002434   0x00002434   0x00000304   Code   RO         3862    i.StepmotormoveCheck  user_stepmotor.o
    0x00002738   0x00002738   0x00000002   Code   RO         3569    i.Stop_Deal_Func    sys_state_machine.o
    0x0000273a   0x0000273a   0x00000002   PAD
    0x0000273c   0x0000273c   0x00000038   Code   RO         3456    i.SysTick_ConfigInit  sys_hardware_init.o
    0x00002774   0x00002774   0x000000e4   Code   RO         3297    i.SysTick_Handler   interrupt.o
    0x00002858   0x00002858   0x00000044   Code   RO         3457    i.Sys_HardConfigInit  sys_hardware_init.o
    0x0000289c   0x0000289c   0x000000b8   Code   RO         3570    i.Sys_StateMachine_Task  sys_state_machine.o
    0x00002954   0x00002954   0x0000013c   Code   RO         3351    i.Sys_Variableinit  sys_variable_init.o
    0x00002a90   0x00002a90   0x00000048   Code   RO         3458    i.SystemClock_Init  sys_hardware_init.o
    0x00002ad8   0x00002ad8   0x00000074   Code   RO         4225    i.SystemInit        system_bat32g139.o
    0x00002b4c   0x00002b4c   0x0000002c   Code   RO         2798    i.TMB0_Start        timb.o
    0x00002b78   0x00002b78   0x0000005c   Code   RO         3459    i.TMB_InputCapture_Init  sys_hardware_init.o
    0x00002bd4   0x00002bd4   0x000000d8   Code   RO         3461    i.UART1_ConfigInit  sys_hardware_init.o
    0x00002cac   0x00002cac   0x00000124   Code   RO         3696    i.Update_AC_Data    user_sample.o
    0x00002dd0   0x00002dd0   0x00000014   Code   RO         3775    i.User_CommonFunction  user_function.o
    0x00002de4   0x00002de4   0x0000003c   Code   RO         3697    i.User_EffectiveValue_Calc  user_sample.o
    0x00002e20   0x00002e20   0x0000006c   Code   RO         3777    i.User_Key_Deal     user_function.o
    0x00002e8c   0x00002e8c   0x0000019c   Code   RO         3778    i.User_LED_Deal     user_function.o
    0x00003028   0x00003028   0x0000001c   Code   RO         3462    i.User_PWM_Disable  sys_hardware_init.o
    0x00003044   0x00003044   0x0000000c   Code   RO         3463    i.User_PWM_Enable   sys_hardware_init.o
    0x00003050   0x00003050   0x00000048   Code   RO         3779    i.User_UART_View    user_function.o
    0x00003098   0x00003098   0x0000000c   Code   RO         3146    i.WDT_Restart       wdt.o
    0x000030a4   0x000030a4   0x00000034   Code   RO         3571    i.Waiting_Deal_Func  sys_state_machine.o
    0x000030d8   0x000030d8   0x0000001a   Code   RO          592    i.__ARM_common_switch8  gpio.o
    0x000030f2   0x000030f2   0x00000002   PAD
    0x000030f4   0x000030f4   0x00000018   Code   RO         3465    i.__NVIC_ClearPendingIRQ  sys_hardware_init.o
    0x0000310c   0x0000310c   0x00000044   Code   RO         3466    i.__NVIC_SetPriority  sys_hardware_init.o
    0x00003150   0x00003150   0x00000074   Code   RO         3780    i.key_Calc          user_function.o
    0x000031c4   0x000031c4   0x00000044   Code   RO         3196    i.main              main.o
    0x00003208   0x00003208   0x00000048   Code   RO         4334    i.sqrt              m_ps.l(sqrt.o)
    0x00003250   0x00003250   0x000001e0   Code   RO         3298    i.tmm1_interrupt    interrupt.o
    0x00003430   0x00003430   0x00000014   Code   RO         3170    i.wdt_interrupt     wdt_user.o
    0x00003444   0x00003444   0x00000044   Code   RO          167    sram_code           clk.o
    0x00003488   0x00003488   0x00000000   Code   RO         4361    x$fpl$usenofp       fz_ps.l(usenofp.o)
    0x00003488   0x00003488   0x00000300   Data   RO         3906    .constdata          user_sine_table.o
    0x00003788   0x00003788   0x00000157   Data   RO         3782    .conststring        user_function.o
    0x000038df   0x000038df   0x00000001   PAD
    0x000038e0   0x000038e0   0x00000020   Data   RO         4541    Region$$Table       anon$$obj.o


    Execution Region RW_IRAM1 (Exec base: 0x20000200, Load base: 0x00003900, Size: 0x00002398, Max: 0x00008000, ABSOLUTE, COMPRESSED[0x000002a8])

    Exec Addr    Load Addr    Size         Type   Attr      Idx    E Section Name        Object

    0x20000200   COMPRESSED   0x00000010   Data   RW         2869    .data               timb_user.o
    0x20000210   COMPRESSED   0x00000004   Data   RW         3171    .data               wdt_user.o
    0x20000214   COMPRESSED   0x00000001   Data   RW         3197    .data               main.o
    0x20000215   COMPRESSED   0x00000003   PAD
    0x20000218   COMPRESSED   0x00000024   Data   RW         3301    .data               interrupt.o
    0x2000023c   COMPRESSED   0x00000018   Data   RW         3380    .data               sys_define_struct.o
    0x20000254   COMPRESSED   0x00000018   Data   RW         3381    .data               sys_define_struct.o
    0x2000026c   COMPRESSED   0x00000018   Data   RW         3382    .data               sys_define_struct.o
    0x20000284   COMPRESSED   0x00000018   Data   RW         3383    .data               sys_define_struct.o
    0x2000029c   COMPRESSED   0x00000018   Data   RW         3384    .data               sys_define_struct.o
    0x200002b4   COMPRESSED   0x00000018   Data   RW         3385    .data               sys_define_struct.o
    0x200002cc   COMPRESSED   0x00000018   Data   RW         3386    .data               sys_define_struct.o
    0x200002e4   COMPRESSED   0x00000018   Data   RW         3387    .data               sys_define_struct.o
    0x200002fc   COMPRESSED   0x00000018   Data   RW         3388    .data               sys_define_struct.o
    0x20000314   COMPRESSED   0x00000018   Data   RW         3389    .data               sys_define_struct.o
    0x2000032c   COMPRESSED   0x00000018   Data   RW         3390    .data               sys_define_struct.o
    0x20000344   COMPRESSED   0x00000018   Data   RW         3391    .data               sys_define_struct.o
    0x2000035c   COMPRESSED   0x00000018   Data   RW         3392    .data               sys_define_struct.o
    0x20000374   COMPRESSED   0x00000018   Data   RW         3393    .data               sys_define_struct.o
    0x2000038c   COMPRESSED   0x00000018   Data   RW         3394    .data               sys_define_struct.o
    0x200003a4   COMPRESSED   0x00000018   Data   RW         3395    .data               sys_define_struct.o
    0x200003bc   COMPRESSED   0x00000018   Data   RW         3396    .data               sys_define_struct.o
    0x200003d4   COMPRESSED   0x00000018   Data   RW         3397    .data               sys_define_struct.o
    0x200003ec   COMPRESSED   0x00000018   Data   RW         3398    .data               sys_define_struct.o
    0x20000404   COMPRESSED   0x00000018   Data   RW         3399    .data               sys_define_struct.o
    0x2000041c   COMPRESSED   0x00000018   Data   RW         3400    .data               sys_define_struct.o
    0x20000434   COMPRESSED   0x00000018   Data   RW         3401    .data               sys_define_struct.o
    0x2000044c   COMPRESSED   0x00000018   Data   RW         3402    .data               sys_define_struct.o
    0x20000464   COMPRESSED   0x00000018   Data   RW         3403    .data               sys_define_struct.o
    0x2000047c   COMPRESSED   0x00000018   Data   RW         3404    .data               sys_define_struct.o
    0x20000494   COMPRESSED   0x00000018   Data   RW         3405    .data               sys_define_struct.o
    0x200004ac   COMPRESSED   0x00000018   Data   RW         3406    .data               sys_define_struct.o
    0x200004c4   COMPRESSED   0x00000018   Data   RW         3407    .data               sys_define_struct.o
    0x200004dc   COMPRESSED   0x00000018   Data   RW         3408    .data               sys_define_struct.o
    0x200004f4   COMPRESSED   0x00000014   Data   RW         3409    .data               sys_define_struct.o
    0x20000508   COMPRESSED   0x00000014   Data   RW         3410    .data               sys_define_struct.o
    0x2000051c   COMPRESSED   0x00000014   Data   RW         3411    .data               sys_define_struct.o
    0x20000530   COMPRESSED   0x0000001c   Data   RW         3412    .data               sys_define_struct.o
    0x2000054c   COMPRESSED   0x0000001c   Data   RW         3413    .data               sys_define_struct.o
    0x20000568   COMPRESSED   0x0000001c   Data   RW         3414    .data               sys_define_struct.o
    0x20000584   COMPRESSED   0x00000002   Data   RW         3415    .data               sys_define_struct.o
    0x20000586   COMPRESSED   0x00000002   Data   RW         3416    .data               sys_define_struct.o
    0x20000588   COMPRESSED   0x00000054   Data   RW         3417    .data               sys_define_struct.o
    0x200005dc   COMPRESSED   0x00000002   Data   RW         3418    .data               sys_define_struct.o
    0x200005de   COMPRESSED   0x00000002   PAD
    0x200005e0   COMPRESSED   0x00000054   Data   RW         3419    .data               sys_define_struct.o
    0x20000634   COMPRESSED   0x00000054   Data   RW         3420    .data               sys_define_struct.o
    0x20000688   COMPRESSED   0x00000006   Data   RW         3421    .data               sys_define_struct.o
    0x2000068e   COMPRESSED   0x00000001   Data   RW         3422    .data               sys_define_struct.o
    0x2000068f   COMPRESSED   0x00000001   PAD
    0x20000690   COMPRESSED   0x00000002   Data   RW         3423    .data               sys_define_struct.o
    0x20000692   COMPRESSED   0x00000002   PAD
    0x20000694   COMPRESSED   0x00000084   Data   RW         3572    .data               sys_state_machine.o
    0x20000718   COMPRESSED   0x00000002   Data   RW         3649    .data               user_parallel.o
    0x2000071a   COMPRESSED   0x00000012   Data   RW         3650    .data               user_parallel.o
    0x2000072c   COMPRESSED   0x00000018   Data   RW         3699    .data               user_sample.o
    0x20000744   COMPRESSED   0x00000004   Data   RW         3701    .data               user_sample.o
    0x20000748   COMPRESSED   0x00000088   Data   RW         3783    .data               user_function.o
    0x200007d0   COMPRESSED   0x00000092   Data   RW         3863    .data               user_stepmotor.o
    0x20000862   COMPRESSED   0x00000002   PAD
    0x20000864   COMPRESSED   0x00000004   Data   RW         3865    .data               user_stepmotor.o
    0x20000868   COMPRESSED   0x0000000c   Data   RW         3928    .data               user_fault_check.o
    0x20000874   COMPRESSED   0x00000008   Data   RW         4009    .data               stepmotor_ctrl.o
    0x2000087c   COMPRESSED   0x00000008   Data   RW         4073    .data               inverter_ctrl.o
    0x20000884   COMPRESSED   0x0000000c   Data   RW         4140    .data               power_calc.o
    0x20000890   COMPRESSED   0x00000038   Data   RW         4164    .data               pq_droop_ctrl.o
    0x200008c8   COMPRESSED   0x00000018   Data   RW         4165    .data               pq_droop_ctrl.o
    0x200008e0   COMPRESSED   0x00000008   Data   RW         4191    .data               repeat_ctrl.o
    0x200008e8   COMPRESSED   0x00000004   Data   RW         4227    .data               system_bat32g139.o
    0x200008ec        -       0x00000028   Zero   RW         3299    .bss                interrupt.o
    0x20000914        -       0x00000010   Zero   RW         3376    .bss                sys_define_struct.o
    0x20000924        -       0x0000006c   Zero   RW         3377    .bss                sys_define_struct.o
    0x20000990        -       0x00000028   Zero   RW         3378    .bss                sys_define_struct.o
    0x200009b8        -       0x0000000c   Zero   RW         3379    .bss                sys_define_struct.o
    0x200009c4        -       0x00000024   Zero   RW         3781    .bss                user_function.o
    0x200009e8        -       0x0000006c   Zero   RW         4071    .bss                inverter_ctrl.o
    0x20000a54        -       0x00000018   Zero   RW         4093    .bss                lookup_table.o
    0x20000a6c        -       0x0000003c   Zero   RW         4112    .bss                pid.o
    0x20000aa8        -       0x0000003c   Zero   RW         4113    .bss                pid.o
    0x20000ae4        -       0x0000001c   Zero   RW         4138    .bss                power_calc.o
    0x20000b00        -       0x00000f00   Zero   RW         4139    .bss                power_calc.o
    0x20001a00        -       0x00000034   Zero   RW         4189    .bss                repeat_ctrl.o
    0x20001a34        -       0x00000600   Zero   RW         4190    .bss                repeat_ctrl.o
    0x20002034        -       0x00000060   Zero   RW         4395    .bss                c_p.l(libspace.o)
    0x20002094   COMPRESSED   0x00000004   PAD
    0x20002098        -       0x00000100   Zero   RW         4214    HEAP                startup_bat32g139.o
    0x20002198        -       0x00000400   Zero   RW         4213    STACK               startup_bat32g139.o


==============================================================================

Image component sizes


      Code (inc. data)   RO Data    RW Data    ZI Data      Debug   Object Name

         0          0          0          0          0      72208   adc.o
       304         34          0          0          0       6576   clk.o
       124         18          0          0          0       5841   cmp.o
       176         14          0          0          0       3176   dma.o
       234         18          0          0          0       2216   gpio.o
      1000        192          0         36         40       7549   interrupt.o
       252         40          0          0          0       2244   inv_power_ctrl.o
       480         48          0          8        108       3323   inverter_ctrl.o
         0          0          0          0         24        893   lookup_table.o
        68         14          0          1          0      16365   main.o
       476         66          0          0        120       3426   pid.o
       260         32          0         12       3868       3175   power_calc.o
       572         22          0         80          0       3846   pq_droop_ctrl.o
       364         48          0          8       1588       3251   repeat_ctrl.o
       128         28        192          0       1280       2152   startup_bat32g139.o
        96          6          0          8          0        932   stepmotor_ctrl.o
         0          0          0       1107        176      14956   sys_define_struct.o
      1344        200          0          0          0      15591   sys_hardware_init.o
       922        132          0        132          0      10214   sys_state_machine.o
       316         82          0          0          0        687   sys_variable_init.o
       280        100          4          4          0       2667   system_bat32g139.o
        44         14          0          0          0       1109   timb.o
         0          0          0         16          0       1288   timb_user.o
      1084        292          0         12          0       3612   user_fault_check.o
       936        108        343        136         36       6302   user_function.o
       352         26          0         20          0       4002   user_parallel.o
       980        150          0         28          0       5713   user_sample.o
         0          0        768          0          0        954   user_sine_table.o
       932         76          0        150          0       5170   user_stepmotor.o
        12          4          0          0          0        458   wdt.o
        20          4          0          4          0       1344   wdt_user.o

    ----------------------------------------------------------------------
     11760       1768       1340       1772       7240     211240   Object Totals
         0          0         32          0          0          0   (incl. Generated)
         4          0          1         10          0          0   (incl. Padding)

    ----------------------------------------------------------------------

      Code (inc. data)   RO Data    RW Data    ZI Data      Debug   Library Member Name

        86          0          0          0          0          0   __dczerorl2.o
         8          0          0          0          0         68   __main.o
         0          0          0          0          0          0   __rtentry.o
        12          0          0          0          0          0   __rtentry2.o
         6          0          0          0          0          0   __rtentry4.o
        60          8          0          0          0          0   __scatter.o
        28          0          0          0          0          0   __scatter_zi.o
        22          0          0          0          0         92   _rserrno.o
       346          0          0          0          0         92   aeabi_sdiv.o
        16          0          0          0          0         68   exit.o
         6          0          0          0          0        136   heapauxi.o
         0          0          0          0          0          0   indicate_semi.o
         2          0          0          0          0          0   libinit.o
         2          0          0          0          0          0   libinit2.o
         2          0          0          0          0          0   libshutdown.o
         2          0          0          0          0          0   libshutdown2.o
         8          4          0          0         96         68   libspace.o
         8          4          0          0          0         68   rt_errno_addr_intlibspace.o
         2          0          0          0          0          0   rtexit.o
        10          0          0          0          0          0   rtexit2.o
        12          4          0          0          0         60   sys_exit.o
        62          0          0          0          0         80   sys_stackheap_outer.o
         2          0          0          0          0         68   use_no_semi.o
       108         10          0          0          0         72   dfixi.o
        72          4          0          0          0         68   dfixui.o
        88          0          0          0          0         92   dflti.o
        96         12          0          0          0         72   dscalbn.o
       256          8          0          0          0         76   dsqrt.o
        94          0          0          0          0         92   fflti.o
         0          0          0          0          0          0   usenofp.o
        72          6          0          0          0         76   sqrt.o

    ----------------------------------------------------------------------
      1492         60          0          0        100       1348   Library Totals
         4          0          0          0          4          0   (incl. Padding)

    ----------------------------------------------------------------------

      Code (inc. data)   RO Data    RW Data    ZI Data      Debug   Library Name

       702         20          0          0         96        800   c_p.l
       714         34          0          0          0        472   fz_ps.l
        72          6          0          0          0         76   m_ps.l

    ----------------------------------------------------------------------
      1492         60          0          0        100       1348   Library Totals

    ----------------------------------------------------------------------

==============================================================================


      Code (inc. data)   RO Data    RW Data    ZI Data      Debug   

     13252       1828       1340       1772       7340     208612   Grand Totals
     13252       1828       1340        680       7340     208612   ELF Image Totals (compressed)
     13252       1828       1340        680          0          0   ROM Totals

==============================================================================

    Total RO  Size (Code + RO Data)                14592 (  14.25kB)
    Total RW  Size (RW Data + ZI Data)              9112 (   8.90kB)
    Total ROM Size (Code + RO Data + RW Data)      15272 (  14.91kB)

==============================================================================

