<html>
<body>
<pre>
<h1>礦ision Build Log</h1>
<h2>Tool Versions:</h2>
IDE-Version: μVision V5.32.0.0
Copyright (C) 2020 ARM Ltd and ARM Germany GmbH. All rights reserved.
License Information: ASD AF, AFD, LIC=IC93N-YGV6M-MSFYP-ML833-53ITS-LIMYB
 
Tool Versions:
Toolchain:       MDK-ARM Professional  Version: 5.32.0.0
Toolchain Path:  C:\Keil_v5_MDK\ARM\ARMCC\Bin
C Compiler:      Armcc.exe V5.06 update 7 (build 960)
Assembler:       Armasm.exe V5.06 update 7 (build 960)
Linker/Locator:  ArmLink.exe V5.06 update 7 (build 960)
Library Manager: ArmAr.exe V5.06 update 7 (build 960)
Hex Converter:   FromElf.exe V5.06 update 7 (build 960)
CPU DLL:         SARMCM3.DLL V5.32.0.0
Dialog DLL:      DARMCM1.DLL V1.19.4.0
Target DLL:      CMSIS_AGDI.dll V1.32.12.0
Dialog DLL:      TARMCM1.DLL V1.14.3.0
 
<h2>Project:</h2>
C:\Users\CQJY\Desktop\新建文件夹\1.软件\CMS_BAT139_DigInv_3KW230V_V01_20250908\keil\INVERTER.uvprojx
Project File Date:  10/28/2025

<h2>Output:</h2>
*** Using Compiler 'V5.06 update 7 (build 960)', folder: 'C:\Keil_v5_MDK\ARM\ARMCC\Bin'
Rebuild target 'BAT32G139GH48'
compiling elc.c...
compiling adc_user.c...
compiling cmp.c...
compiling flash_user.c...
compiling dac.c...
compiling dma.c...
compiling cmp_user.c...
compiling clk.c...
compiling div.c...
compiling flash.c...
compiling gpio.c...
compiling adc.c...
compiling retarget.c...
compiling intp_user.c...
compiling intp.c...
compiling key.c...
compiling key_user.c...
compiling pcbz.c...
compiling rtc.c...
compiling lin.c...
..\code\source\1_driver_s\lin.c(35): warning:  #177-D: function "LOOP_WAIT"  was declared but never referenced
  __STATIC_INLINE void LOOP_WAIT(uint32_t n)
..\code\source\1_driver_s\lin.c(62): warning:  #177-D: function "UART_CPU_READ"  was declared but never referenced
  __STATIC_INLINE uint8_t UART_CPU_READ(void)
..\code\source\1_driver_s\lin.c: 2 warnings, 0 errors
compiling rtc_user.c...
compiling rst.c...
compiling pga.c...
compiling tim4_user.c...
compiling sci_user.c...
..\code\source\1_driver_s\sci_user.c(754): warning:  #177-D: function "uart1_callback_receiveend"  was declared but never referenced
  static void uart1_callback_receiveend(void)
..\code\source\1_driver_s\sci_user.c(765): warning:  #177-D: function "uart1_callback_softwareoverrun"  was declared but never referenced
  static void uart1_callback_softwareoverrun(uint16_t rx_data)
..\code\source\1_driver_s\sci_user.c(787): warning:  #177-D: function "uart1_callback_error"  was declared but never referenced
  static void uart1_callback_error(uint8_t err_type)
..\code\source\1_driver_s\sci_user.c(1103): warning:  #177-D: function "uart2_callback_receiveend"  was declared but never referenced
  static void uart2_callback_receiveend(void)
..\code\source\1_driver_s\sci_user.c(1114): warning:  #177-D: function "uart2_callback_softwareoverrun"  was declared but never referenced
  static void uart2_callback_softwareoverrun(uint16_t rx_data)
..\code\source\1_driver_s\sci_user.c(1136): warning:  #177-D: function "uart2_callback_error"  was declared but never referenced
  static void uart2_callback_error(uint8_t err_type)
..\code\source\1_driver_s\sci_user.c: 6 warnings, 0 errors
compiling tima.c...
compiling tima_user.c...
compiling tim4.c...
compiling sci.c...
compiling timm_user.c...
compiling timb_user.c...
compiling timb.c...
compiling timc_user.c...
compiling timc.c...
compiling timm.c...
compiling wdt.c...
compiling sys_define_struct.c...
compiling wdt_user.c...
compiling main.c...
compiling sys_variable_init.c...
compiling sys_state_machine.c...
compiling interrupt.c...
compiling user_sine_table.c...
compiling sys_hardware_init.c...
compiling user_parallel.c...
compiling user_stepmotor.c...
compiling user_sample.c...
compiling user_function.c...
..\code\source\2_user_s\user_function.c(412): warning:  #870-D: invalid multibyte character sequence
          printf("浣?%-2d (%-16s): %d\n",
..\code\source\2_user_s\user_function.c(445): warning:  #870-D: invalid multibyte character sequence
      printf("绯荤粺鍚姩妫�鏌ユ爣蹇? (bit[15..0]): \n");
..\code\source\2_user_s\user_function.c(447): warning:  #870-D: invalid multibyte character sequence
          printf("浣?%-2d (%-16s): %d\n",
..\code\source\2_user_s\user_function.c: 3 warnings, 0 errors
assembling startup_BAT32G139.s...
compiling stepmotor_ctrl.c...
compiling system_BAT32G139.c...
compiling uart_printf.c...
compiling user_fault_check.c...
linking...
Program Size: Code=13248 RO-data=1340 RW-data=1772 ZI-data=7340  
FromELF: creating hex file...
"..\code\source\3_powerlib_s\INV_Ctrl.axf" - 0 Error(s), 11 Warning(s).

<h2>Software Packages used:</h2>

Package Vendor: ARM
                http://www.keil.com/pack/ARM.CMSIS.5.7.0.pack
                ARM.CMSIS.5.7.0
                CMSIS (Cortex Microcontroller Software Interface Standard)
   * Component: CORE Version: 5.4.0

Package Vendor: Cmsemicon
                http://www.mcu.com.cn/pack/Cmsemicon.BAT32G139.1.0.4.pack
                Cmsemicon.BAT32G139.1.0.4
                Cmsemicon BAT32G139 Device Family Pack
   * Component: Startup Version: 1.0.0

<h2>Collection of Component include folders:</h2>
  .\RTE\Device\BAT32G139GK48FA
  .\RTE\_BAT32G139GH48
  C:\Users\CQJY\AppData\Local\Arm\Packs\ARM\CMSIS\5.7.0\CMSIS\Core\Include
  C:\Users\CQJY\AppData\Local\Arm\Packs\Cmsemicon\BAT32G139\1.0.4\Device\Include

<h2>Collection of Component Files used:</h2>

   * Component: ARM::CMSIS:CORE:5.4.0

   * Component: Cmsemicon::Device:Startup:1.0.0
      Source file:   Device\Source\system_BAT32G139.c
      Source file:   Device\Source\ARM\startup_BAT32G139.s
      Include file:  Device\Source\userdefine.h
Build Time Elapsed:  00:00:02
</pre>
</body>
</html>
